Starting GAI OS Monitoring for 1 hour...
Start Time: Sat Mar  7 19:59:59 CET 2026
[Sat Mar  7 19:59:59 CET 2026] Checking system status...
[Sat Mar  7 19:59:59 CET 2026] ✅ System is healthy. (HTTP 200)
[Sat Mar  7 20:00:59 CET 2026] Checking system status...
[Sat Mar  7 20:00:59 CET 2026] ✅ System is healthy. (HTTP 200)
[Sat Mar  7 20:01:59 CET 2026] Checking system status...
[Sat Mar  7 20:01:59 CET 2026] ✅ System is healthy. (HTTP 200)
[Sat Mar  7 20:02:59 CET 2026] Checking system status...
[Sat Mar  7 20:02:59 CET 2026] ✅ System is healthy. (HTTP 200)
[Sat Mar  7 20:03:59 CET 2026] Checking system status...
[Sat Mar  7 20:03:59 CET 2026] ✅ System is healthy. (HTTP 200)
[Sat Mar  7 20:04:59 CET 2026] Checking system status...
[Sat Mar  7 20:04:59 CET 2026] ✅ System is healthy. (HTTP 200)
[Sat Mar  7 20:06:00 CET 2026] Checking system status...
[Sat Mar  7 20:06:00 CET 2026] ✅ System is healthy. (HTTP 200)
[Sat Mar  7 20:07:00 CET 2026] Checking system status...
[Sat Mar  7 20:07:00 CET 2026] ✅ System is healthy. (HTTP 200)
[Sat Mar  7 20:08:00 CET 2026] Checking system status...
[Sat Mar  7 20:08:00 CET 2026] ✅ System is healthy. (HTTP 200)
[Sat Mar  7 20:09:00 CET 2026] Checking system status...
[Sat Mar  7 20:09:00 CET 2026] ✅ System is healthy. (HTTP 200)
[Sat Mar  7 20:10:00 CET 2026] Checking system status...
[Sat Mar  7 20:10:00 CET 2026] ✅ System is healthy. (HTTP 200)
[Sat Mar  7 20:11:00 CET 2026] Checking system status...
[Sat Mar  7 20:11:00 CET 2026] ✅ System is healthy. (HTTP 200)
[Sat Mar  7 20:12:00 CET 2026] Checking system status...
[Sat Mar  7 20:12:00 CET 2026] ✅ System is healthy. (HTTP 200)
[Sat Mar  7 20:13:00 CET 2026] Checking system status...
[Sat Mar  7 20:13:00 CET 2026] ✅ System is healthy. (HTTP 200)
[Sat Mar  7 20:14:00 CET 2026] Checking system status...
[Sat Mar  7 20:14:00 CET 2026] ✅ System is healthy. (HTTP 200)
[Sat Mar  7 20:15:00 CET 2026] Checking system status...
[Sat Mar  7 20:15:00 CET 2026] ✅ System is healthy. (HTTP 200)
[Sat Mar  7 20:16:00 CET 2026] Checking system status...
[Sat Mar  7 20:16:00 CET 2026] ✅ System is healthy. (HTTP 200)
[Sat Mar  7 20:17:00 CET 2026] Checking system status...
[Sat Mar  7 20:17:00 CET 2026] ✅ System is healthy. (HTTP 200)
[Sat Mar  7 20:18:00 CET 2026] Checking system status...
[Sat Mar  7 20:18:00 CET 2026] ✅ System is healthy. (HTTP 200)
[Sat Mar  7 20:19:00 CET 2026] Checking system status...
[Sat Mar  7 20:19:00 CET 2026] ✅ System is healthy. (HTTP 200)
[Sat Mar  7 20:20:00 CET 2026] Checking system status...
[Sat Mar  7 20:20:00 CET 2026] ✅ System is healthy. (HTTP 200)
[Sat Mar  7 20:21:00 CET 2026] Checking system status...
[Sat Mar  7 20:21:00 CET 2026] ✅ System is healthy. (HTTP 200)
[Sat Mar  7 20:22:00 CET 2026] Checking system status...
[Sat Mar  7 20:22:00 CET 2026] ✅ System is healthy. (HTTP 200)
[Sat Mar  7 20:23:01 CET 2026] Checking system status...
[Sat Mar  7 20:23:01 CET 2026] ✅ System is healthy. (HTTP 200)
[Sat Mar  7 20:24:01 CET 2026] Checking system status...
[Sat Mar  7 20:24:01 CET 2026] ✅ System is healthy. (HTTP 200)
[Sat Mar  7 20:25:01 CET 2026] Checking system status...
[Sat Mar  7 20:25:01 CET 2026] ✅ System is healthy. (HTTP 200)
[Sat Mar  7 20:26:01 CET 2026] Checking system status...
[Sat Mar  7 20:26:01 CET 2026] ✅ System is healthy. (HTTP 200)
[Sat Mar  7 20:27:01 CET 2026] Checking system status...
[Sat Mar  7 20:27:01 CET 2026] ✅ System is healthy. (HTTP 200)
[Sat Mar  7 20:28:01 CET 2026] Checking system status...
[Sat Mar  7 20:28:01 CET 2026] ✅ System is healthy. (HTTP 200)
[Sat Mar  7 20:29:01 CET 2026] Checking system status...
[Sat Mar  7 20:29:01 CET 2026] ✅ System is healthy. (HTTP 200)
[Sat Mar  7 20:30:01 CET 2026] Checking system status...
[Sat Mar  7 20:30:01 CET 2026] ✅ System is healthy. (HTTP 200)
[Sat Mar  7 20:31:01 CET 2026] Checking system status...
[Sat Mar  7 20:31:01 CET 2026] ✅ System is healthy. (HTTP 200)
[Sat Mar  7 20:32:01 CET 2026] Checking system status...
[Sat Mar  7 20:32:01 CET 2026] ✅ System is healthy. (HTTP 200)
[Sat Mar  7 20:33:01 CET 2026] Checking system status...
[Sat Mar  7 20:33:01 CET 2026] ✅ System is healthy. (HTTP 200)
[Sat Mar  7 20:34:01 CET 2026] Checking system status...
[Sat Mar  7 20:34:01 CET 2026] ✅ System is healthy. (HTTP 200)
[Sat Mar  7 20:35:01 CET 2026] Checking system status...
[Sat Mar  7 20:35:01 CET 2026] ✅ System is healthy. (HTTP 200)
[Sat Mar  7 20:36:01 CET 2026] Checking system status...
[Sat Mar  7 20:36:01 CET 2026] ✅ System is healthy. (HTTP 200)
[Sat Mar  7 20:37:01 CET 2026] Checking system status...
[Sat Mar  7 20:37:01 CET 2026] ✅ System is healthy. (HTTP 200)
[Sat Mar  7 20:38:01 CET 2026] Checking system status...
[Sat Mar  7 20:38:01 CET 2026] ✅ System is healthy. (HTTP 200)
[Sat Mar  7 20:39:01 CET 2026] Checking system status...
[Sat Mar  7 20:39:01 CET 2026] ✅ System is healthy. (HTTP 200)
[Sat Mar  7 20:40:01 CET 2026] Checking system status...
[Sat Mar  7 20:40:01 CET 2026] ✅ System is healthy. (HTTP 200)
[Sat Mar  7 20:41:01 CET 2026] Checking system status...
[Sat Mar  7 20:41:01 CET 2026] ✅ System is healthy. (HTTP 200)
[Sat Mar  7 20:42:01 CET 2026] Checking system status...
[Sat Mar  7 20:42:01 CET 2026] ✅ System is healthy. (HTTP 200)
[Sat Mar  7 20:43:01 CET 2026] Checking system status...
[Sat Mar  7 20:43:01 CET 2026] ✅ System is healthy. (HTTP 200)
[Sat Mar  7 20:44:01 CET 2026] Checking system status...
[Sat Mar  7 20:44:01 CET 2026] ✅ System is healthy. (HTTP 200)
[Sat Mar  7 20:45:02 CET 2026] Checking system status...
[Sat Mar  7 20:45:02 CET 2026] ✅ System is healthy. (HTTP 200)
[Sat Mar  7 20:46:02 CET 2026] Checking system status...
[Sat Mar  7 20:46:02 CET 2026] ✅ System is healthy. (HTTP 200)
[Sat Mar  7 20:47:02 CET 2026] Checking system status...
[Sat Mar  7 20:47:02 CET 2026] ✅ System is healthy. (HTTP 200)
[Sat Mar  7 20:48:02 CET 2026] Checking system status...
[Sat Mar  7 20:48:02 CET 2026] ✅ System is healthy. (HTTP 200)
[Sat Mar  7 20:49:02 CET 2026] Checking system status...
[Sat Mar  7 20:49:02 CET 2026] ✅ System is healthy. (HTTP 200)
[Sat Mar  7 20:50:02 CET 2026] Checking system status...
[Sat Mar  7 20:50:02 CET 2026] ✅ System is healthy. (HTTP 200)
[Sat Mar  7 20:51:02 CET 2026] Checking system status...
[Sat Mar  7 20:51:02 CET 2026] ✅ System is healthy. (HTTP 200)
[Sat Mar  7 20:52:02 CET 2026] Checking system status...
[Sat Mar  7 20:52:02 CET 2026] ✅ System is healthy. (HTTP 200)
[Sat Mar  7 20:53:02 CET 2026] Checking system status...
[Sat Mar  7 20:53:02 CET 2026] ✅ System is healthy. (HTTP 200)
[Sat Mar  7 20:54:02 CET 2026] Checking system status...
[Sat Mar  7 20:54:02 CET 2026] ✅ System is healthy. (HTTP 200)
[Sat Mar  7 20:55:02 CET 2026] Checking system status...
[Sat Mar  7 20:55:02 CET 2026] ✅ System is healthy. (HTTP 200)
[Sat Mar  7 20:56:02 CET 2026] Checking system status...
[Sat Mar  7 20:56:02 CET 2026] ✅ System is healthy. (HTTP 200)
[Sat Mar  7 20:57:02 CET 2026] Checking system status...
[Sat Mar  7 20:57:02 CET 2026] ✅ System is healthy. (HTTP 200)
[Sat Mar  7 20:58:02 CET 2026] Checking system status...
[Sat Mar  7 20:58:02 CET 2026] ✅ System is healthy. (HTTP 200)
[Sat Mar  7 20:59:02 CET 2026] Checking system status...
[Sat Mar  7 20:59:02 CET 2026] ✅ System is healthy. (HTTP 200)
Monitoring finished at Sat Mar  7 21:00:02 CET 2026.
