Connecting to 89.116.53.41 with timeout...
Login and PROT P successful.
Uploading temp_ftp_blog/data/articles/article3.json to /public_html/kimsondreams/data/articles/article3.json
Uploading temp_ftp_blog/data/articles/samsung-galaxy-s26-ultra-review.json to /public_html/kimsondreams/data/articles/samsung-galaxy-s26-ultra-review.json
Uploading temp_ftp_blog/data/articles/best-4k-monitors-2025.json to /public_html/kimsondreams/data/articles/best-4k-monitors-2025.json
Uploading temp_ftp_blog/data/articles/top-ai-gadgets-amazon-2025.json to /public_html/kimsondreams/data/articles/top-ai-gadgets-amazon-2025.json
Uploading temp_ftp_blog/data/articles/affiliate_links.json to /public_html/kimsondreams/data/articles/affiliate_links.json
Uploading temp_ftp_blog/data/articles/best-mechanical-keyboards-2025.json to /public_html/kimsondreams/data/articles/best-mechanical-keyboards-2025.json
Uploading temp_ftp_blog/data/articles/spring-into-health-wearable-ai-guide-march-2026.json to /public_html/kimsondreams/data/articles/spring-into-health-wearable-ai-guide-march-2026.json
Uploading temp_ftp_blog/data/articles/2025-smart-home-essentials-guide.json to /public_html/kimsondreams/data/articles/2025-smart-home-essentials-guide.json
Uploading temp_ftp_blog/data/articles/affiliate-links.json to /public_html/kimsondreams/data/articles/affiliate-links.json
Uploading temp_ftp_blog/data/articles/top-wireless-earbuds-2025-comparison.json to /public_html/kimsondreams/data/articles/top-wireless-earbuds-2025-comparison.json
Uploading temp_ftp_blog/data/articles/macbook-neo-review-2026.json to /public_html/kimsondreams/data/articles/macbook-neo-review-2026.json
Uploading temp_ftp_blog/data/articles/iphone-se-4-vs-pixel-10a-comparison.json to /public_html/kimsondreams/data/articles/iphone-se-4-vs-pixel-10a-comparison.json
Uploading temp_ftp_blog/data/articles/pixel-10a-vs-iphone-se-4-comparison.json to /public_html/kimsondreams/data/articles/pixel-10a-vs-iphone-se-4-comparison.json
Uploading temp_ftp_blog/data/articles/2026-wearable-tech-health-gadgets-guide.json to /public_html/kimsondreams/data/articles/2026-wearable-tech-health-gadgets-guide.json
Uploading temp_ftp_blog/data/articles/2025-flagship-smartphone-guide.json to /public_html/kimsondreams/data/articles/2025-flagship-smartphone-guide.json
Uploading temp_ftp_blog/data/articles/article9.json to /public_html/kimsondreams/data/articles/article9.json
Uploading temp_ftp_blog/data/articles/best-laptops-2025.json to /public_html/kimsondreams/data/articles/best-laptops-2025.json
Uploading temp_ftp_blog/data/articles/apple-watch-ultra-2-review.json to /public_html/kimsondreams/data/articles/apple-watch-ultra-2-review.json
Uploading temp_ftp_blog/data/articles/best-gaming-accessories-2025.json to /public_html/kimsondreams/data/articles/best-gaming-accessories-2025.json
Uploading temp_ftp_blog/data/articles/samsung-galaxy-s25-ultra-review.json to /public_html/kimsondreams/data/articles/samsung-galaxy-s25-ultra-review.json
Uploading temp_ftp_blog/data/articles/best-smart-home-devices-2025.json to /public_html/kimsondreams/data/articles/best-smart-home-devices-2025.json
Uploading temp_ftp_blog/data/articles/best-portable-monitors-2025.json to /public_html/kimsondreams/data/articles/best-portable-monitors-2025.json
Uploading temp_ftp_blog/data/articles/article4.json to /public_html/kimsondreams/data/articles/article4.json
Uploading temp_ftp_blog/data/articles/best-eco-friendly-products-amazon-2025.json to /public_html/kimsondreams/data/articles/best-eco-friendly-products-amazon-2025.json
Uploading temp_ftp_blog/data/articles/iphone-16-pro-max-review.json to /public_html/kimsondreams/data/articles/iphone-16-pro-max-review.json
Uploading temp_ftp_blog/data/articles/meta-quest-3s-review.json to /public_html/kimsondreams/data/articles/meta-quest-3s-review.json
Uploading temp_ftp_blog/data/articles/best-gaming-headsets-2025.json to /public_html/kimsondreams/data/articles/best-gaming-headsets-2025.json
Uploading temp_ftp_blog/data/articles/sony-wh-1000xm5-review.json to /public_html/kimsondreams/data/articles/sony-wh-1000xm5-review.json
Uploading temp_ftp_blog/data/articles/best-amazon-gadgets-march-2025.json to /public_html/kimsondreams/data/articles/best-amazon-gadgets-march-2025.json
Uploading temp_ftp_blog/data/articles/2026-high-performance-laptop-guide.json to /public_html/kimsondreams/data/articles/2026-high-performance-laptop-guide.json
Uploading temp_ftp_blog/data/articles/summer-2025-laptop-buying-guide.json to /public_html/kimsondreams/data/articles/summer-2025-laptop-buying-guide.json
Uploading temp_ftp_blog/data/articles/mwc-2026-highlights.json to /public_html/kimsondreams/data/articles/mwc-2026-highlights.json
Uploading temp_ftp_blog/data/articles/best-tech-gadgets-amazon-2025.json to /public_html/kimsondreams/data/articles/best-tech-gadgets-amazon-2025.json
Uploading temp_ftp_blog/data/articles/spring-2026-wearable-ai-guide.json to /public_html/kimsondreams/data/articles/spring-2026-wearable-ai-guide.json
Uploading temp_ftp_blog/data/articles/iphone-17-vs-samsung-s25.json to /public_html/kimsondreams/data/articles/iphone-17-vs-samsung-s25.json
Uploading temp_ftp_blog/data/articles/best-budget-tech-gadgets-2024.json to /public_html/kimsondreams/data/articles/best-budget-tech-gadgets-2024.json
Uploading temp_ftp_blog/data/articles/dji-mini-4-pro-review.json to /public_html/kimsondreams/data/articles/dji-mini-4-pro-review.json
Uploading temp_ftp_blog/data/articles/fix_json.py to /public_html/kimsondreams/data/articles/fix_json.py
Uploading temp_ftp_blog/data/articles/may-2025-tech-gift-guide.json to /public_html/kimsondreams/data/articles/may-2025-tech-gift-guide.json
Uploading temp_ftp_blog/data/articles/top-5-flagship-gadgets-2025.json to /public_html/kimsondreams/data/articles/top-5-flagship-gadgets-2025.json
Uploading temp_ftp_blog/data/articles/sony-wh-1000xm5-vs-bose-qc-ultra-comparison.json to /public_html/kimsondreams/data/articles/sony-wh-1000xm5-vs-bose-qc-ultra-comparison.json
Uploading temp_ftp_blog/data/articles/article1.json to /public_html/kimsondreams/data/articles/article1.json
Uploading temp_ftp_blog/data/articles/razer-v4-pro-vs-logitech-g915x-comparison.json to /public_html/kimsondreams/data/articles/razer-v4-pro-vs-logitech-g915x-comparison.json
Uploading temp_ftp_blog/data/articles/articles.json to /public_html/kimsondreams/data/articles/articles.json
Uploading temp_ftp_blog/data/articles/internal_linking_map.json to /public_html/kimsondreams/data/articles/internal_linking_map.json
Uploading temp_ftp_blog/data/articles/best-tech-gadgets-comparison-2025.json to /public_html/kimsondreams/data/articles/best-tech-gadgets-comparison-2025.json
Uploading temp_ftp_blog/data/articles/iphone-16-pro-max-vs-samsung-s24-ultra.json to /public_html/kimsondreams/data/articles/iphone-16-pro-max-vs-samsung-s24-ultra.json
Uploading temp_ftp_blog/data/articles/index.json to /public_html/kimsondreams/data/articles/index.json
Uploading temp_ftp_blog/data/articles/prime-day-2026-back-to-school-ai-tech-guide.json to /public_html/kimsondreams/data/articles/prime-day-2026-back-to-school-ai-tech-guide.json
Uploading temp_ftp_blog/data/articles/top-10-smart-home-gadgets-amazon-2025.json to /public_html/kimsondreams/data/articles/top-10-smart-home-gadgets-amazon-2025.json
Uploading temp_ftp_blog/data/articles/revolutionary-ai-tech-products-amazon-2025.json to /public_html/kimsondreams/data/articles/revolutionary-ai-tech-products-amazon-2025.json
Uploading temp_ftp_blog/data/articles/ai-assistants-comparison-2025.json to /public_html/kimsondreams/data/articles/ai-assistants-comparison-2025.json
Uploading temp_ftp_blog/data/articles/best-wireless-earbuds-2025.json to /public_html/kimsondreams/data/articles/best-wireless-earbuds-2025.json
Uploading temp_ftp_blog/data/articles/schema-index.json to /public_html/kimsondreams/data/articles/schema-index.json
Uploading temp_ftp_blog/images/articles/generated/smart-home-innovative-gadgets-2025-fallback-0.svg to /public_html/kimsondreams/images/articles/generated/smart-home-innovative-gadgets-2025-fallback-0.svg
Uploading temp_ftp_blog/images/articles/generated/7-gen-1.svg to /public_html/kimsondreams/images/articles/generated/7-gen-1.svg
Uploading temp_ftp_blog/images/articles/generated/article8-fallback-1.svg to /public_html/kimsondreams/images/articles/generated/article8-fallback-1.svg
Uploading temp_ftp_blog/images/articles/generated/smart-home-innovative-gadgets-2025-fallback-1.svg to /public_html/kimsondreams/images/articles/generated/smart-home-innovative-gadgets-2025-fallback-1.svg
Uploading temp_ftp_blog/images/articles/generated/7-gen-2.svg to /public_html/kimsondreams/images/articles/generated/7-gen-2.svg
Uploading temp_ftp_blog/images/articles/generated/article8-fallback-2.svg to /public_html/kimsondreams/images/articles/generated/article8-fallback-2.svg
Uploading temp_ftp_blog/images/articles/generated/smart-home-innovative-gadgets-2025-fallback-2.svg to /public_html/kimsondreams/images/articles/generated/smart-home-innovative-gadgets-2025-fallback-2.svg
Uploading temp_ftp_blog/images/articles/generated/article9-fallback-2.svg to /public_html/kimsondreams/images/articles/generated/article9-fallback-2.svg
Uploading temp_ftp_blog/images/articles/generated/top-time-management-apps-for-freelancers-2025-fallback-0.svg to /public_html/kimsondreams/images/articles/generated/top-time-management-apps-for-freelancers-2025-fallback-0.svg
Uploading temp_ftp_blog/images/articles/generated/holiday-tech-gift-guide-2025-fallback-0.svg to /public_html/kimsondreams/images/articles/generated/holiday-tech-gift-guide-2025-fallback-0.svg
Uploading temp_ftp_blog/images/articles/generated/top-5-powerbanks-2025-fallback-0.svg to /public_html/kimsondreams/images/articles/generated/top-5-powerbanks-2025-fallback-0.svg
Uploading temp_ftp_blog/images/articles/generated/top-5-powerbanks-2025-fallback-1.svg to /public_html/kimsondreams/images/articles/generated/top-5-powerbanks-2025-fallback-1.svg
Uploading temp_ftp_blog/images/articles/generated/best-sports-smartwatches-2025-fallback-2.svg to /public_html/kimsondreams/images/articles/generated/best-sports-smartwatches-2025-fallback-2.svg
Uploading temp_ftp_blog/images/articles/generated/5-gen-1.svg to /public_html/kimsondreams/images/articles/generated/5-gen-1.svg
Uploading temp_ftp_blog/images/articles/generated/best-sports-smartwatches-2025-fallback-1.svg to /public_html/kimsondreams/images/articles/generated/best-sports-smartwatches-2025-fallback-1.svg
Uploading temp_ftp_blog/images/articles/generated/5-gen-2.svg to /public_html/kimsondreams/images/articles/generated/5-gen-2.svg
Uploading temp_ftp_blog/images/articles/generated/best-smartphones-mobile-photography-2025-fallback-2.svg to /public_html/kimsondreams/images/articles/generated/best-smartphones-mobile-photography-2025-fallback-2.svg
Uploading temp_ftp_blog/images/articles/generated/best-sports-smartwatches-2025-fallback-0.svg to /public_html/kimsondreams/images/articles/generated/best-sports-smartwatches-2025-fallback-0.svg
Uploading temp_ftp_blog/images/articles/generated/holiday-tech-gift-guide-2025-gen-2.svg to /public_html/kimsondreams/images/articles/generated/holiday-tech-gift-guide-2025-gen-2.svg
Uploading temp_ftp_blog/images/articles/generated/holiday-tech-gift-guide-2025-gen-1.svg to /public_html/kimsondreams/images/articles/generated/holiday-tech-gift-guide-2025-gen-1.svg
Uploading temp_ftp_blog/images/articles/generated/2-gen-1.svg to /public_html/kimsondreams/images/articles/generated/2-gen-1.svg
Uploading temp_ftp_blog/images/articles/generated/2-gen-2.svg to /public_html/kimsondreams/images/articles/generated/2-gen-2.svg
Uploading temp_ftp_blog/images/articles/generated/3-fallback-2.svg to /public_html/kimsondreams/images/articles/generated/3-fallback-2.svg
Uploading temp_ftp_blog/images/articles/cover_best-mechanical-keyboards-2025_1771430379013.webp to /public_html/kimsondreams/images/articles/cover_best-mechanical-keyboards-2025_1771430379013.webp
Uploading temp_ftp_blog/images/articles/iphone-15-pro-max.webp to /public_html/kimsondreams/images/articles/iphone-15-pro-max.webp
Uploading temp_ftp_blog/images/articles/iphone-15-pro-max.jpg to /public_html/kimsondreams/images/articles/iphone-15-pro-max.jpg
Uploading temp_ftp_blog/images/articles/galaxy-watch-6.webp to /public_html/kimsondreams/images/articles/galaxy-watch-6.webp
Uploading temp_ftp_blog/images/articles/article6-cover.jpg to /public_html/kimsondreams/images/articles/article6-cover.jpg
Uploading temp_ftp_blog/images/articles/spring-health-unique.jpg to /public_html/kimsondreams/images/articles/spring-health-unique.jpg
Uploading temp_ftp_blog/images/articles/samsung-galaxy-s23-ultra-camera.webp to /public_html/kimsondreams/images/articles/samsung-galaxy-s23-ultra-camera.webp
Uploading temp_ftp_blog/images/articles/cover_top-10-smart-home-gadgets-amazon-2025_1772533992513.jpg to /public_html/kimsondreams/images/articles/cover_top-10-smart-home-gadgets-amazon-2025_1772533992513.jpg
Uploading temp_ftp_blog/images/articles/smart-home-gadgets-2025.jpg to /public_html/kimsondreams/images/articles/smart-home-gadgets-2025.jpg
Uploading temp_ftp_blog/images/articles/ai-tech-products-2025.jpg to /public_html/kimsondreams/images/articles/ai-tech-products-2025.jpg
Uploading temp_ftp_blog/images/articles/cover_summer-2025-laptop-buying-guide_1772533844234.jpg to /public_html/kimsondreams/images/articles/cover_summer-2025-laptop-buying-guide_1772533844234.jpg
Uploading temp_ftp_blog/images/articles/content_article4_1_1771410905245.webp to /public_html/kimsondreams/images/articles/content_article4_1_1771410905245.webp
Uploading temp_ftp_blog/images/articles/best-laptops-2025.jpg to /public_html/kimsondreams/images/articles/best-laptops-2025.jpg
Uploading temp_ftp_blog/images/articles/sony-xm5-black.jpg to /public_html/kimsondreams/images/articles/sony-xm5-black.jpg
Uploading temp_ftp_blog/images/articles/cover_best-amazon-gadgets-march-2025_1772533913623.jpg to /public_html/kimsondreams/images/articles/cover_best-amazon-gadgets-march-2025_1772533913623.jpg
Uploading temp_ftp_blog/images/articles/sony-wh-1000xm5-main.webp to /public_html/kimsondreams/images/articles/sony-wh-1000xm5-main.webp
Uploading temp_ftp_blog/images/articles/cover_sony-wh-1000xm5-review_1772533836261.jpg to /public_html/kimsondreams/images/articles/cover_sony-wh-1000xm5-review_1772533836261.jpg
Uploading temp_ftp_blog/images/articles/iphone-17-pro-max-performance.jpg to /public_html/kimsondreams/images/articles/iphone-17-pro-max-performance.jpg
Uploading temp_ftp_blog/images/articles/samsung-galaxy-watch-6.webp to /public_html/kimsondreams/images/articles/samsung-galaxy-watch-6.webp
Uploading temp_ftp_blog/images/articles/spring-2025-wearable-ai-guide-main.jpg to /public_html/kimsondreams/images/articles/spring-2025-wearable-ai-guide-main.jpg
Uploading temp_ftp_blog/images/articles/macbook-m5.jpg to /public_html/kimsondreams/images/articles/macbook-m5.jpg
Uploading temp_ftp_blog/images/articles/cover_best-portable-monitors-2025_1771430339272.webp to /public_html/kimsondreams/images/articles/cover_best-portable-monitors-2025_1771430339272.webp
Uploading temp_ftp_blog/images/articles/macbook-neo-design.jpg to /public_html/kimsondreams/images/articles/macbook-neo-design.jpg
Uploading temp_ftp_blog/images/articles/cover_iphone-17-vs-samsung-s25_1772533970022.jpg to /public_html/kimsondreams/images/articles/cover_iphone-17-vs-samsung-s25_1772533970022.jpg
Uploading temp_ftp_blog/images/articles/content_spring-2025-wearable-ai-guide_0_1772811095344.jpg to /public_html/kimsondreams/images/articles/content_spring-2025-wearable-ai-guide_0_1772811095344.jpg
Uploading temp_ftp_blog/images/articles/iphone-17-pro-official.jpg to /public_html/kimsondreams/images/articles/iphone-17-pro-official.jpg
Uploading temp_ftp_blog/images/articles/content_best-gaming-accessories-2025_2_1772533778451.jpg to /public_html/kimsondreams/images/articles/content_best-gaming-accessories-2025_2_1772533778451.jpg
Uploading temp_ftp_blog/images/articles/cover_best-budget-tech-gadgets-2024_1772533918447.webp to /public_html/kimsondreams/images/articles/cover_best-budget-tech-gadgets-2024_1772533918447.webp
Uploading temp_ftp_blog/images/articles/cover_top-wireless-earbuds-2025-comparison_1772533866430.jpg to /public_html/kimsondreams/images/articles/cover_top-wireless-earbuds-2025-comparison_1772533866430.jpg
Uploading temp_ftp_blog/images/articles/apple-watch-s10-main.jpg to /public_html/kimsondreams/images/articles/apple-watch-s10-main.jpg
Uploading temp_ftp_blog/images/articles/sony-xm5.webp to /public_html/kimsondreams/images/articles/sony-xm5.webp
Uploading temp_ftp_blog/images/articles/cover_best-gaming-headsets-2025_1772533935657.jpg to /public_html/kimsondreams/images/articles/cover_best-gaming-headsets-2025_1772533935657.jpg
Uploading temp_ftp_blog/images/articles/cover_top-10-smart-home-gadgets-amazon-2025_1772533849473.jpg to /public_html/kimsondreams/images/articles/cover_top-10-smart-home-gadgets-amazon-2025_1772533849473.jpg
Uploading temp_ftp_blog/images/articles/cover_best-portable-monitors-2025_1772533790063.webp to /public_html/kimsondreams/images/articles/cover_best-portable-monitors-2025_1772533790063.webp
Uploading temp_ftp_blog/images/articles/content_best-gaming-accessories-2025_2_1772811041799.jpg to /public_html/kimsondreams/images/articles/content_best-gaming-accessories-2025_2_1772811041799.jpg
Uploading temp_ftp_blog/images/articles/cover_best-gaming-headsets-2025_1771430150768.jpg to /public_html/kimsondreams/images/articles/cover_best-gaming-headsets-2025_1771430150768.jpg
Uploading temp_ftp_blog/images/articles/budget-tech-gadgets-2024.jpg to /public_html/kimsondreams/images/articles/budget-tech-gadgets-2024.jpg
Uploading temp_ftp_blog/images/articles/sony-wh-1000xm5-app.webp to /public_html/kimsondreams/images/articles/sony-wh-1000xm5-app.webp
Uploading temp_ftp_blog/images/articles/bose-quietcomfort-earbuds-ii.webp to /public_html/kimsondreams/images/articles/bose-quietcomfort-earbuds-ii.webp
Uploading temp_ftp_blog/images/articles/cover_best-eco-friendly-products-amazon-2025_1772533925055.jpg to /public_html/kimsondreams/images/articles/cover_best-eco-friendly-products-amazon-2025_1772533925055.jpg
Uploading temp_ftp_blog/images/articles/cover_best-mechanical-keyboards-2025_1771430379013.jpg to /public_html/kimsondreams/images/articles/cover_best-mechanical-keyboards-2025_1771430379013.jpg
Uploading temp_ftp_blog/images/articles/cover_dji-mini-4-pro-review_1772533957827.jpg to /public_html/kimsondreams/images/articles/cover_dji-mini-4-pro-review_1772533957827.jpg
Uploading temp_ftp_blog/images/articles/cover_best-budget-tech-gadgets-2024_1772533764568.webp to /public_html/kimsondreams/images/articles/cover_best-budget-tech-gadgets-2024_1772533764568.webp
Uploading temp_ftp_blog/images/articles/cover_article4_1772533740781.webp to /public_html/kimsondreams/images/articles/cover_article4_1772533740781.webp
Uploading temp_ftp_blog/images/articles/smart-home-gadgets-2025.webp to /public_html/kimsondreams/images/articles/smart-home-gadgets-2025.webp
Uploading temp_ftp_blog/images/articles/samsung-galaxy-s26-ultra-official.jpg to /public_html/kimsondreams/images/articles/samsung-galaxy-s26-ultra-official.jpg
Uploading temp_ftp_blog/images/articles/2026-flagship-guide-main.jpg to /public_html/kimsondreams/images/articles/2026-flagship-guide-main.jpg
Uploading temp_ftp_blog/images/articles/content_best-gaming-accessories-2025_1_1772811039045.jpg to /public_html/kimsondreams/images/articles/content_best-gaming-accessories-2025_1_1772811039045.jpg
Uploading temp_ftp_blog/images/articles/cover_internal_linking_map_1772811060291.jpg to /public_html/kimsondreams/images/articles/cover_internal_linking_map_1772811060291.jpg
Uploading temp_ftp_blog/images/articles/cover_article4_1772533898296.webp to /public_html/kimsondreams/images/articles/cover_article4_1772533898296.webp
Uploading temp_ftp_blog/images/articles/article5-cover.webp to /public_html/kimsondreams/images/articles/article5-cover.webp
Uploading temp_ftp_blog/images/articles/cover_iphone-16-pro-max-review_1772533964793.webp to /public_html/kimsondreams/images/articles/cover_iphone-16-pro-max-review_1772533964793.webp
Uploading temp_ftp_blog/images/articles/cover_article1_1772533886184.jpg to /public_html/kimsondreams/images/articles/cover_article1_1772533886184.jpg
Uploading temp_ftp_blog/images/articles/samsung-quantum-dot-oled-tv.webp to /public_html/kimsondreams/images/articles/samsung-quantum-dot-oled-tv.webp
Uploading temp_ftp_blog/images/articles/amazon-prime-big-deal-days-2025-main.jpg to /public_html/kimsondreams/images/articles/amazon-prime-big-deal-days-2025-main.jpg
Uploading temp_ftp_blog/images/articles/content_2025-smart-home-essentials-guide_0_1772811016218.jpg to /public_html/kimsondreams/images/articles/content_2025-smart-home-essentials-guide_0_1772811016218.jpg
Uploading temp_ftp_blog/images/articles/samsung-quantum-dot-oled-tv.jpg to /public_html/kimsondreams/images/articles/samsung-quantum-dot-oled-tv.jpg
Uploading temp_ftp_blog/images/articles/apple-watch-ultra-2.webp to /public_html/kimsondreams/images/articles/apple-watch-ultra-2.webp
Uploading temp_ftp_blog/images/articles/tech-gadgets-2025-main.jpg to /public_html/kimsondreams/images/articles/tech-gadgets-2025-main.jpg
Uploading temp_ftp_blog/images/articles/framework-laptop.jpg to /public_html/kimsondreams/images/articles/framework-laptop.jpg
Uploading temp_ftp_blog/images/articles/sony-zv5.webp to /public_html/kimsondreams/images/articles/sony-zv5.webp
Uploading temp_ftp_blog/images/articles/sony-wh-1000xm5-anc.webp to /public_html/kimsondreams/images/articles/sony-wh-1000xm5-anc.webp
Uploading temp_ftp_blog/images/articles/sony-wh-1000xm6-design.webp to /public_html/kimsondreams/images/articles/sony-wh-1000xm6-design.webp
Uploading temp_ftp_blog/images/articles/black-friday-2025-main.jpg to /public_html/kimsondreams/images/articles/black-friday-2025-main.jpg
Uploading temp_ftp_blog/images/articles/article8-cover.webp to /public_html/kimsondreams/images/articles/article8-cover.webp
Uploading temp_ftp_blog/images/articles/cover_best-smart-home-devices-2025_1771430240012.jpg to /public_html/kimsondreams/images/articles/cover_best-smart-home-devices-2025_1771430240012.jpg
Uploading temp_ftp_blog/images/articles/cover_article9_1772533746565.jpg to /public_html/kimsondreams/images/articles/cover_article9_1772533746565.jpg
Uploading temp_ftp_blog/images/articles/cover_best-gaming-headsets-2025_1771430150768.webp to /public_html/kimsondreams/images/articles/cover_best-gaming-headsets-2025_1771430150768.webp
Uploading temp_ftp_blog/images/articles/soundcore-space.jpg to /public_html/kimsondreams/images/articles/soundcore-space.jpg
Uploading temp_ftp_blog/images/articles/content_best-gaming-accessories-2025_0_1772533929586.webp to /public_html/kimsondreams/images/articles/content_best-gaming-accessories-2025_0_1772533929586.webp
Uploading temp_ftp_blog/images/articles/high-performance-laptop.jpg to /public_html/kimsondreams/images/articles/high-performance-laptop.jpg
Uploading temp_ftp_blog/images/articles/polaroid-now.jpg to /public_html/kimsondreams/images/articles/polaroid-now.jpg
Uploading temp_ftp_blog/images/articles/article8-mouse.webp to /public_html/kimsondreams/images/articles/article8-mouse.webp
Uploading temp_ftp_blog/images/articles/cover_iphone-17-vs-samsung-s25_1772533970022.webp to /public_html/kimsondreams/images/articles/cover_iphone-17-vs-samsung-s25_1772533970022.webp
Uploading temp_ftp_blog/images/articles/cover_best-smart-home-devices-2025_1772533944345.jpg to /public_html/kimsondreams/images/articles/cover_best-smart-home-devices-2025_1772533944345.jpg
Uploading temp_ftp_blog/images/articles/sony-wh-1000xm5-noise-cancellation.webp to /public_html/kimsondreams/images/articles/sony-wh-1000xm5-noise-cancellation.webp
Uploading temp_ftp_blog/images/articles/macbook-m5.webp to /public_html/kimsondreams/images/articles/macbook-m5.webp
Uploading temp_ftp_blog/images/articles/dji-mini-4-flight.jpg to /public_html/kimsondreams/images/articles/dji-mini-4-flight.jpg
Uploading temp_ftp_blog/images/articles/cover_best-smart-home-devices-2025_1771430240012.webp to /public_html/kimsondreams/images/articles/cover_best-smart-home-devices-2025_1771430240012.webp
Uploading temp_ftp_blog/images/articles/cover_top-ai-gadgets-amazon-2025_1772534001676.jpg to /public_html/kimsondreams/images/articles/cover_top-ai-gadgets-amazon-2025_1772534001676.jpg
Uploading temp_ftp_blog/images/articles/iphone17-camera.webp to /public_html/kimsondreams/images/articles/iphone17-camera.webp
Uploading temp_ftp_blog/images/articles/alienware-x14.webp to /public_html/kimsondreams/images/articles/alienware-x14.webp
Uploading temp_ftp_blog/images/articles/cover_best-portable-monitors-2025_1772533939848.jpg to /public_html/kimsondreams/images/articles/cover_best-portable-monitors-2025_1772533939848.jpg
Uploading temp_ftp_blog/images/articles/cover_best-gaming-headsets-2025_1772533784942.webp to /public_html/kimsondreams/images/articles/cover_best-gaming-headsets-2025_1772533784942.webp
Uploading temp_ftp_blog/images/articles/cover_best-tech-gadgets-comparison-2025_1772533800756.webp to /public_html/kimsondreams/images/articles/cover_best-tech-gadgets-comparison-2025_1772533800756.webp
Uploading temp_ftp_blog/images/articles/article7-cover.jpg to /public_html/kimsondreams/images/articles/article7-cover.jpg
Uploading temp_ftp_blog/images/articles/iphone-16-pro-max-colors.jpg to /public_html/kimsondreams/images/articles/iphone-16-pro-max-colors.jpg
Uploading temp_ftp_blog/images/articles/sony-wh-1000xm5-design.jpg to /public_html/kimsondreams/images/articles/sony-wh-1000xm5-design.jpg
Uploading temp_ftp_blog/images/articles/asus-rog-zephyrus-g14-alt.webp to /public_html/kimsondreams/images/articles/asus-rog-zephyrus-g14-alt.webp
Uploading temp_ftp_blog/images/articles/iphone-15-pro-max-colors.webp to /public_html/kimsondreams/images/articles/iphone-15-pro-max-colors.webp
Uploading temp_ftp_blog/images/articles/cover_best-4k-monitors-2025_1772533908698.webp to /public_html/kimsondreams/images/articles/cover_best-4k-monitors-2025_1772533908698.webp
Uploading temp_ftp_blog/images/articles/ai-tech-products-2025.webp to /public_html/kimsondreams/images/articles/ai-tech-products-2025.webp
Uploading temp_ftp_blog/images/articles/cover_ai-assistants-comparison-2025_1772533716868.jpg to /public_html/kimsondreams/images/articles/cover_ai-assistants-comparison-2025_1772533716868.jpg
Uploading temp_ftp_blog/images/articles/cover_article9_1772533903730.jpg to /public_html/kimsondreams/images/articles/cover_article9_1772533903730.jpg
Uploading temp_ftp_blog/images/articles/sony-wh-1000xm6-noise-cancellation.webp to /public_html/kimsondreams/images/articles/sony-wh-1000xm6-noise-cancellation.webp
Uploading temp_ftp_blog/images/articles/sony-wh-1000xm6-noise-cancellation.jpg to /public_html/kimsondreams/images/articles/sony-wh-1000xm6-noise-cancellation.jpg
Uploading temp_ftp_blog/images/articles/smart-rings-comparison-2025.jpg to /public_html/kimsondreams/images/articles/smart-rings-comparison-2025.jpg
Uploading temp_ftp_blog/images/articles/cover_best-wireless-earbuds-2025_1772533806435.webp to /public_html/kimsondreams/images/articles/cover_best-wireless-earbuds-2025_1772533806435.webp
Uploading temp_ftp_blog/images/articles/sony-zv5.jpg to /public_html/kimsondreams/images/articles/sony-zv5.jpg
Uploading temp_ftp_blog/images/articles/canon-eos-r7c.webp to /public_html/kimsondreams/images/articles/canon-eos-r7c.webp
Uploading temp_ftp_blog/images/articles/sony-wh-1000xm6-main.jpg to /public_html/kimsondreams/images/articles/sony-wh-1000xm6-main.jpg
Uploading temp_ftp_blog/images/articles/ces-2025-highlights.jpg to /public_html/kimsondreams/images/articles/ces-2025-highlights.jpg
Uploading temp_ftp_blog/images/articles/asus-rog-zephyrus-g14-main.jpg to /public_html/kimsondreams/images/articles/asus-rog-zephyrus-g14-main.jpg
Uploading temp_ftp_blog/images/articles/sony-zv-5.webp to /public_html/kimsondreams/images/articles/sony-zv-5.webp
Uploading temp_ftp_blog/images/articles/back-to-school-laptop-unique.jpg to /public_html/kimsondreams/images/articles/back-to-school-laptop-unique.jpg
Uploading temp_ftp_blog/images/articles/apple-watch-s10-main.webp to /public_html/kimsondreams/images/articles/apple-watch-s10-main.webp
Uploading temp_ftp_blog/images/articles/razer-blade-14.webp to /public_html/kimsondreams/images/articles/razer-blade-14.webp
Uploading temp_ftp_blog/images/articles/cover_article3_1772533892733.jpg to /public_html/kimsondreams/images/articles/cover_article3_1772533892733.jpg
Uploading temp_ftp_blog/images/articles/razer-v4-pro-vs-logitech-g915x-comparison-main.jpg to /public_html/kimsondreams/images/articles/razer-v4-pro-vs-logitech-g915x-comparison-main.jpg
Uploading temp_ftp_blog/images/articles/macbook-neo-main.jpg to /public_html/kimsondreams/images/articles/macbook-neo-main.jpg
Uploading temp_ftp_blog/images/articles/cover_best-tech-gadgets-comparison-2025_1772533948164.webp to /public_html/kimsondreams/images/articles/cover_best-tech-gadgets-comparison-2025_1772533948164.webp
Uploading temp_ftp_blog/images/articles/2025-flagship-guide-main.jpg to /public_html/kimsondreams/images/articles/2025-flagship-guide-main.jpg
Uploading temp_ftp_blog/images/articles/iphone-17-pro-max-camera.jpg to /public_html/kimsondreams/images/articles/iphone-17-pro-max-camera.jpg
Uploading temp_ftp_blog/images/articles/iphone-se-4-vs-pixel-10a-main.jpg to /public_html/kimsondreams/images/articles/iphone-se-4-vs-pixel-10a-main.jpg
Uploading temp_ftp_blog/images/articles/cover_article4_1772533740781.jpg to /public_html/kimsondreams/images/articles/cover_article4_1772533740781.jpg
Uploading temp_ftp_blog/images/articles/asus-rog-zephyrus-2026-gaming.jpg to /public_html/kimsondreams/images/articles/asus-rog-zephyrus-2026-gaming.jpg
Uploading temp_ftp_blog/images/articles/sony-wh-1000xm5-design.webp to /public_html/kimsondreams/images/articles/sony-wh-1000xm5-design.webp
Uploading temp_ftp_blog/images/articles/gopro-hero13.webp to /public_html/kimsondreams/images/articles/gopro-hero13.webp
Uploading temp_ftp_blog/images/articles/iphone-17-pro-max-colors.webp to /public_html/kimsondreams/images/articles/iphone-17-pro-max-colors.webp
Uploading temp_ftp_blog/images/articles/cover_top-5-flagship-gadgets-2025_1772533997120.webp to /public_html/kimsondreams/images/articles/cover_top-5-flagship-gadgets-2025_1772533997120.webp
Uploading temp_ftp_blog/images/articles/macbook-pro-m3.jpg to /public_html/kimsondreams/images/articles/macbook-pro-m3.jpg
Uploading temp_ftp_blog/images/articles/smart-rings-comparison-2026.jpg to /public_html/kimsondreams/images/articles/smart-rings-comparison-2026.jpg
Uploading temp_ftp_blog/images/articles/dji-mini-3-pro-alt.webp to /public_html/kimsondreams/images/articles/dji-mini-3-pro-alt.webp
Uploading temp_ftp_blog/images/articles/apple-airpods-pro-2.webp to /public_html/kimsondreams/images/articles/apple-airpods-pro-2.webp
Uploading temp_ftp_blog/images/articles/cover_ai-assistants-comparison-2025_1771429979469.webp to /public_html/kimsondreams/images/articles/cover_ai-assistants-comparison-2025_1771429979469.webp
Uploading temp_ftp_blog/images/articles/s24-ultra-display.jpg to /public_html/kimsondreams/images/articles/s24-ultra-display.jpg
Uploading temp_ftp_blog/images/articles/canon-eos-r7c.jpg to /public_html/kimsondreams/images/articles/canon-eos-r7c.jpg
Uploading temp_ftp_blog/images/articles/cover_best-4k-monitors-2025_1771430329856.webp to /public_html/kimsondreams/images/articles/cover_best-4k-monitors-2025_1771430329856.webp
Uploading temp_ftp_blog/images/articles/cover_top-wireless-earbuds-2025-comparison_1772533866430.webp to /public_html/kimsondreams/images/articles/cover_top-wireless-earbuds-2025-comparison_1772533866430.webp
Uploading temp_ftp_blog/images/articles/soundcore-space.webp to /public_html/kimsondreams/images/articles/soundcore-space.webp
Uploading temp_ftp_blog/images/articles/content_article4_0_1771410901958.jpg to /public_html/kimsondreams/images/articles/content_article4_0_1771410901958.jpg
Uploading temp_ftp_blog/images/articles/article2-cover.webp to /public_html/kimsondreams/images/articles/article2-cover.webp
Uploading temp_ftp_blog/images/articles/iphone-15-pro-max-performance.webp to /public_html/kimsondreams/images/articles/iphone-15-pro-max-performance.webp
Uploading temp_ftp_blog/images/articles/content_article4_1_1771410905245.jpg to /public_html/kimsondreams/images/articles/content_article4_1_1771410905245.jpg
Uploading temp_ftp_blog/images/articles/dji-mini-3-pro-main.jpg to /public_html/kimsondreams/images/articles/dji-mini-3-pro-main.jpg
Uploading temp_ftp_blog/images/articles/cover_article4_1772533898296.jpg to /public_html/kimsondreams/images/articles/cover_article4_1772533898296.jpg
Uploading temp_ftp_blog/images/articles/airpods-pro-2.webp to /public_html/kimsondreams/images/articles/airpods-pro-2.webp
Uploading temp_ftp_blog/images/articles/cover_apple-watch-ultra-2-review_1772533881079.jpg to /public_html/kimsondreams/images/articles/cover_apple-watch-ultra-2-review_1772533881079.jpg
Uploading temp_ftp_blog/images/articles/fathers-day-2025-tech-gift-guide-wwdc-predictions-main.jpg to /public_html/kimsondreams/images/articles/fathers-day-2025-tech-gift-guide-wwdc-predictions-main.jpg
Uploading temp_ftp_blog/images/articles/iphone-16-pro-max-colors.webp to /public_html/kimsondreams/images/articles/iphone-16-pro-max-colors.webp
Uploading temp_ftp_blog/images/articles/cover_iphone-16-pro-max-review_1772533819702.jpg to /public_html/kimsondreams/images/articles/cover_iphone-16-pro-max-review_1772533819702.jpg
Uploading temp_ftp_blog/images/articles/pixel-10a-reveal.jpg to /public_html/kimsondreams/images/articles/pixel-10a-reveal.jpg
Uploading temp_ftp_blog/images/articles/cover_sony-wh-1000xm5-review_1772533836261.webp to /public_html/kimsondreams/images/articles/cover_sony-wh-1000xm5-review_1772533836261.webp
Uploading temp_ftp_blog/images/articles/cover_best-4k-monitors-2025_1772533752582.jpg to /public_html/kimsondreams/images/articles/cover_best-4k-monitors-2025_1772533752582.jpg
Uploading temp_ftp_blog/images/articles/content_article4_2_1771410907842.webp to /public_html/kimsondreams/images/articles/content_article4_2_1771410907842.webp
Uploading temp_ftp_blog/images/articles/ipad-pro-m4-productivity.jpg to /public_html/kimsondreams/images/articles/ipad-pro-m4-productivity.jpg
Uploading temp_ftp_blog/images/articles/wearable-guide-unique.jpg to /public_html/kimsondreams/images/articles/wearable-guide-unique.jpg
Uploading temp_ftp_blog/images/articles/best-gaming-accessories-2025-main.jpg to /public_html/kimsondreams/images/articles/best-gaming-accessories-2025-main.jpg
Uploading temp_ftp_blog/images/articles/s25-ultra-display.webp to /public_html/kimsondreams/images/articles/s25-ultra-display.webp
Uploading temp_ftp_blog/images/articles/iphone-17-pro-vlogging.jpg to /public_html/kimsondreams/images/articles/iphone-17-pro-vlogging.jpg
Uploading temp_ftp_blog/images/articles/macbook-neo-student.jpg to /public_html/kimsondreams/images/articles/macbook-neo-student.jpg
Uploading temp_ftp_blog/images/articles/asus-rog-zephyrus-g14.webp to /public_html/kimsondreams/images/articles/asus-rog-zephyrus-g14.webp
Uploading temp_ftp_blog/images/articles/cover_top-10-smart-home-gadgets-amazon-2025_1772533992513.webp to /public_html/kimsondreams/images/articles/cover_top-10-smart-home-gadgets-amazon-2025_1772533992513.webp
Uploading temp_ftp_blog/images/articles/cover_best-portable-monitors-2025_1771430339272.jpg to /public_html/kimsondreams/images/articles/cover_best-portable-monitors-2025_1771430339272.jpg
Uploading temp_ftp_blog/images/articles/dji-mini-3-pro-alt.jpg to /public_html/kimsondreams/images/articles/dji-mini-3-pro-alt.jpg
Uploading temp_ftp_blog/images/articles/iphone17-vs-s25.webp to /public_html/kimsondreams/images/articles/iphone17-vs-s25.webp
Uploading temp_ftp_blog/images/articles/eco-friendly-2025.webp to /public_html/kimsondreams/images/articles/eco-friendly-2025.webp
Uploading temp_ftp_blog/images/articles/microled.webp to /public_html/kimsondreams/images/articles/microled.webp
Uploading temp_ftp_blog/images/articles/article7-cover.webp to /public_html/kimsondreams/images/articles/article7-cover.webp
Uploading temp_ftp_blog/images/articles/cover_iphone-16-pro-max-review_1772533819702.webp to /public_html/kimsondreams/images/articles/cover_iphone-16-pro-max-review_1772533819702.webp
Uploading temp_ftp_blog/images/articles/cover_article1_1772533728355.webp to /public_html/kimsondreams/images/articles/cover_article1_1772533728355.webp
Uploading temp_ftp_blog/images/articles/apple-watch-series-10-alt.jpg to /public_html/kimsondreams/images/articles/apple-watch-series-10-alt.jpg
Uploading temp_ftp_blog/images/articles/sony-wh-1000xm5-noise-cancellation.jpg to /public_html/kimsondreams/images/articles/sony-wh-1000xm5-noise-cancellation.jpg
Uploading temp_ftp_blog/images/articles/cover_article4_1771410899117.webp to /public_html/kimsondreams/images/articles/cover_article4_1771410899117.webp
Uploading temp_ftp_blog/images/articles/ifa-2025-iphone-18-pro-preview.jpg to /public_html/kimsondreams/images/articles/ifa-2025-iphone-18-pro-preview.jpg
Uploading temp_ftp_blog/images/articles/cover_ai-assistants-comparison-2025_1771429942479.jpg to /public_html/kimsondreams/images/articles/cover_ai-assistants-comparison-2025_1771429942479.jpg
Uploading temp_ftp_blog/images/articles/iphone17-camera.jpg to /public_html/kimsondreams/images/articles/iphone17-camera.jpg
Uploading temp_ftp_blog/images/articles/cover_article3_1772533892733.webp to /public_html/kimsondreams/images/articles/cover_article3_1772533892733.webp
Uploading temp_ftp_blog/images/articles/cover_article3_1772533733891.webp to /public_html/kimsondreams/images/articles/cover_article3_1772533733891.webp
Uploading temp_ftp_blog/images/articles/dji-mini-4-pro.jpg to /public_html/kimsondreams/images/articles/dji-mini-4-pro.jpg
Uploading temp_ftp_blog/images/articles/content_sony-wh-1000xm5-review_0_1772533982605.webp to /public_html/kimsondreams/images/articles/content_sony-wh-1000xm5-review_0_1772533982605.webp
Uploading temp_ftp_blog/images/articles/polaroid-now.webp to /public_html/kimsondreams/images/articles/polaroid-now.webp
Uploading temp_ftp_blog/images/articles/iphone-16-pro-max.jpg to /public_html/kimsondreams/images/articles/iphone-16-pro-max.jpg
Uploading temp_ftp_blog/images/articles/s25-ultra-display.jpg to /public_html/kimsondreams/images/articles/s25-ultra-display.jpg
Uploading temp_ftp_blog/images/articles/iphone-15-pro-max-colors.jpg to /public_html/kimsondreams/images/articles/iphone-15-pro-max-colors.jpg
Uploading temp_ftp_blog/images/articles/sony-wh-1000xm5.webp to /public_html/kimsondreams/images/articles/sony-wh-1000xm5.webp
Uploading temp_ftp_blog/images/articles/canon-r7c.jpg to /public_html/kimsondreams/images/articles/canon-r7c.jpg
Uploading temp_ftp_blog/images/articles/sony-wf-1000xm5.jpg to /public_html/kimsondreams/images/articles/sony-wf-1000xm5.jpg
Uploading temp_ftp_blog/images/articles/july-2026-tech-guide-deals.jpg to /public_html/kimsondreams/images/articles/july-2026-tech-guide-deals.jpg
Uploading temp_ftp_blog/images/articles/cover_best-wireless-earbuds-2025_1771429901077.jpg to /public_html/kimsondreams/images/articles/cover_best-wireless-earbuds-2025_1771429901077.jpg
Uploading temp_ftp_blog/images/articles/cover_top-ai-gadgets-amazon-2025_1772533859330.webp to /public_html/kimsondreams/images/articles/cover_top-ai-gadgets-amazon-2025_1772533859330.webp
Uploading temp_ftp_blog/images/articles/cover_revolutionary-ai-tech-products-amazon-2025_1772533830555.jpg to /public_html/kimsondreams/images/articles/cover_revolutionary-ai-tech-products-amazon-2025_1772533830555.jpg
Uploading temp_ftp_blog/images/articles/placeholder.jpg to /public_html/kimsondreams/images/articles/placeholder.jpg
Uploading temp_ftp_blog/images/articles/placeholder.png to /public_html/kimsondreams/images/articles/placeholder.png
Uploading temp_ftp_blog/images/articles/article2-afeela.jpg to /public_html/kimsondreams/images/articles/article2-afeela.jpg
Uploading temp_ftp_blog/images/articles/content_best-gaming-accessories-2025_2_1772533778451.webp to /public_html/kimsondreams/images/articles/content_best-gaming-accessories-2025_2_1772533778451.webp
Uploading temp_ftp_blog/images/articles/echo-show-15-main.jpg to /public_html/kimsondreams/images/articles/echo-show-15-main.jpg
Uploading temp_ftp_blog/images/articles/cover_best-eco-friendly-products-amazon-2025_1772533770169.jpg to /public_html/kimsondreams/images/articles/cover_best-eco-friendly-products-amazon-2025_1772533770169.jpg
Uploading temp_ftp_blog/images/articles/iphone-15-pro-max-camera.jpg to /public_html/kimsondreams/images/articles/iphone-15-pro-max-camera.jpg
Uploading temp_ftp_blog/images/articles/cover_apple-watch-ultra-2-review_1772533721800.webp to /public_html/kimsondreams/images/articles/cover_apple-watch-ultra-2-review_1772533721800.webp
Uploading temp_ftp_blog/images/articles/iphone-se-4-design.jpg to /public_html/kimsondreams/images/articles/iphone-se-4-design.jpg
Uploading temp_ftp_blog/images/articles/cover_summer-2025-laptop-buying-guide_1772533987658.webp to /public_html/kimsondreams/images/articles/cover_summer-2025-laptop-buying-guide_1772533987658.webp
Uploading temp_ftp_blog/images/articles/sony-xm5.jpg to /public_html/kimsondreams/images/articles/sony-xm5.jpg
Uploading temp_ftp_blog/images/articles/july-2025-tech-guide-deals.jpg to /public_html/kimsondreams/images/articles/july-2025-tech-guide-deals.jpg
Uploading temp_ftp_blog/images/articles/iphone-17-pro-max-performance.webp to /public_html/kimsondreams/images/articles/iphone-17-pro-max-performance.webp
Uploading temp_ftp_blog/images/articles/cover_best-amazon-gadgets-march-2025_1772533758253.webp to /public_html/kimsondreams/images/articles/cover_best-amazon-gadgets-march-2025_1772533758253.webp
Uploading temp_ftp_blog/images/articles/macbook-pro-m3.webp to /public_html/kimsondreams/images/articles/macbook-pro-m3.webp
Uploading temp_ftp_blog/images/articles/eco-friendly-2025.jpg to /public_html/kimsondreams/images/articles/eco-friendly-2025.jpg
Uploading temp_ftp_blog/images/articles/airpods-pro-2.jpg to /public_html/kimsondreams/images/articles/airpods-pro-2.jpg
Uploading temp_ftp_blog/images/articles/samsung-galaxy-s25-ultra-main.jpg to /public_html/kimsondreams/images/articles/samsung-galaxy-s25-ultra-main.jpg
Uploading temp_ftp_blog/images/articles/modern-smartphone-display.jpg to /public_html/kimsondreams/images/articles/modern-smartphone-display.jpg
Uploading temp_ftp_blog/images/articles/iphone-15-pro-max-camera.webp to /public_html/kimsondreams/images/articles/iphone-15-pro-max-camera.webp
Uploading temp_ftp_blog/images/articles/apple-watch-series-9.webp to /public_html/kimsondreams/images/articles/apple-watch-series-9.webp
Uploading temp_ftp_blog/images/articles/cover_summer-2025-laptop-buying-guide_1771429759483.webp to /public_html/kimsondreams/images/articles/cover_summer-2025-laptop-buying-guide_1771429759483.webp
Uploading temp_ftp_blog/images/articles/oura-ring-4.webp to /public_html/kimsondreams/images/articles/oura-ring-4.webp
Uploading temp_ftp_blog/images/articles/s24-ultra-display.webp to /public_html/kimsondreams/images/articles/s24-ultra-display.webp
Uploading temp_ftp_blog/images/articles/cover_best-gaming-headsets-2025_1772533784942.jpg to /public_html/kimsondreams/images/articles/cover_best-gaming-headsets-2025_1772533784942.jpg
Uploading temp_ftp_blog/images/articles/content_sony-wh-1000xm5-review_0_1772533839095.webp to /public_html/kimsondreams/images/articles/content_sony-wh-1000xm5-review_0_1772533839095.webp
Uploading temp_ftp_blog/images/articles/cover_top-5-flagship-gadgets-2025_1772533854396.jpg to /public_html/kimsondreams/images/articles/cover_top-5-flagship-gadgets-2025_1772533854396.jpg
Uploading temp_ftp_blog/images/articles/cover_best-amazon-gadgets-march-2025_1772533758253.jpg to /public_html/kimsondreams/images/articles/cover_best-amazon-gadgets-march-2025_1772533758253.jpg
Uploading temp_ftp_blog/images/articles/cover_best-smart-home-devices-2025_1772533944345.webp to /public_html/kimsondreams/images/articles/cover_best-smart-home-devices-2025_1772533944345.webp
Uploading temp_ftp_blog/images/articles/cover_top-5-flagship-gadgets-2025_1772533997120.jpg to /public_html/kimsondreams/images/articles/cover_top-5-flagship-gadgets-2025_1772533997120.jpg
Uploading temp_ftp_blog/images/articles/apple-watch-series-9-alt.jpg to /public_html/kimsondreams/images/articles/apple-watch-series-9-alt.jpg
Uploading temp_ftp_blog/images/articles/cover_best-smart-home-devices-2025_1772533795419.jpg to /public_html/kimsondreams/images/articles/cover_best-smart-home-devices-2025_1772533795419.jpg
Uploading temp_ftp_blog/images/articles/content_article4_0_1771410901958.webp to /public_html/kimsondreams/images/articles/content_article4_0_1771410901958.webp
Uploading temp_ftp_blog/images/articles/cover_top-10-smart-home-gadgets-amazon-2025_1772533849473.webp to /public_html/kimsondreams/images/articles/cover_top-10-smart-home-gadgets-amazon-2025_1772533849473.webp
Uploading temp_ftp_blog/images/articles/iphone-16-pro-max-camera.webp to /public_html/kimsondreams/images/articles/iphone-16-pro-max-camera.webp
Uploading temp_ftp_blog/images/articles/cover_best-tech-gadgets-comparison-2025_1772533948164.jpg to /public_html/kimsondreams/images/articles/cover_best-tech-gadgets-comparison-2025_1772533948164.jpg
Uploading temp_ftp_blog/images/articles/asus-rog-zephyrus-g14-main.webp to /public_html/kimsondreams/images/articles/asus-rog-zephyrus-g14-main.webp
Uploading temp_ftp_blog/images/articles/cover_best-gaming-headsets-2025_1772533935657.webp to /public_html/kimsondreams/images/articles/cover_best-gaming-headsets-2025_1772533935657.webp
Uploading temp_ftp_blog/images/articles/amazon-prime-big-deal-days-2026-main.jpg to /public_html/kimsondreams/images/articles/amazon-prime-big-deal-days-2026-main.jpg
Uploading temp_ftp_blog/images/articles/razer-v4-pro-vs-logitech-g915x-comparison-main.webp to /public_html/kimsondreams/images/articles/razer-v4-pro-vs-logitech-g915x-comparison-main.webp
Uploading temp_ftp_blog/images/articles/holiday-tech-2025.jpg to /public_html/kimsondreams/images/articles/holiday-tech-2025.jpg
Uploading temp_ftp_blog/images/articles/cover_best-portable-monitors-2025_1772533790063.jpg to /public_html/kimsondreams/images/articles/cover_best-portable-monitors-2025_1772533790063.jpg
Uploading temp_ftp_blog/images/articles/sony-wh-1000xm5.jpg to /public_html/kimsondreams/images/articles/sony-wh-1000xm5.jpg
Uploading temp_ftp_blog/images/articles/iphone-17-pro-max-camera.webp to /public_html/kimsondreams/images/articles/iphone-17-pro-max-camera.webp
Uploading temp_ftp_blog/images/articles/cover_top-ai-gadgets-amazon-2025_1772534001676.webp to /public_html/kimsondreams/images/articles/cover_top-ai-gadgets-amazon-2025_1772534001676.webp
Uploading temp_ftp_blog/images/articles/meta-quest-3s-review-main.jpg to /public_html/kimsondreams/images/articles/meta-quest-3s-review-main.jpg
Uploading temp_ftp_blog/images/articles/sony-wh-1000xm5-anc.jpg to /public_html/kimsondreams/images/articles/sony-wh-1000xm5-anc.jpg
Uploading temp_ftp_blog/images/articles/cover_dji-mini-4-pro-review_1772533957827.webp to /public_html/kimsondreams/images/articles/cover_dji-mini-4-pro-review_1772533957827.webp
Uploading temp_ftp_blog/images/articles/iphone-17-pro-vlogging.webp to /public_html/kimsondreams/images/articles/iphone-17-pro-vlogging.webp
Uploading temp_ftp_blog/images/articles/cover_dji-mini-4-pro-review_1772533811159.jpg to /public_html/kimsondreams/images/articles/cover_dji-mini-4-pro-review_1772533811159.jpg
Uploading temp_ftp_blog/images/articles/cover_apple-watch-ultra-2-review_1772533881079.webp to /public_html/kimsondreams/images/articles/cover_apple-watch-ultra-2-review_1772533881079.webp
Uploading temp_ftp_blog/images/articles/galaxy-watch-6.jpg to /public_html/kimsondreams/images/articles/galaxy-watch-6.jpg
Uploading temp_ftp_blog/images/articles/best-laptops-2025.webp to /public_html/kimsondreams/images/articles/best-laptops-2025.webp
Uploading temp_ftp_blog/images/articles/back-to-school-2026-ai-laptop-guide.jpg to /public_html/kimsondreams/images/articles/back-to-school-2026-ai-laptop-guide.jpg
Uploading temp_ftp_blog/images/articles/best-gaming-accessories-2025-main.webp to /public_html/kimsondreams/images/articles/best-gaming-accessories-2025-main.webp
Uploading temp_ftp_blog/images/articles/article2-ai-pin.webp to /public_html/kimsondreams/images/articles/article2-ai-pin.webp
Uploading temp_ftp_blog/images/articles/pixel-10a-vs-iphone-se-4-main.jpg to /public_html/kimsondreams/images/articles/pixel-10a-vs-iphone-se-4-main.jpg
Uploading temp_ftp_blog/images/articles/samsung-galaxy-s23-ultra.jpg to /public_html/kimsondreams/images/articles/samsung-galaxy-s23-ultra.jpg
Uploading temp_ftp_blog/images/articles/cover_sony-wh-1000xm5-review_1772533979862.jpg to /public_html/kimsondreams/images/articles/cover_sony-wh-1000xm5-review_1772533979862.jpg
Uploading temp_ftp_blog/images/articles/content_best-gaming-accessories-2025_0_1772533929586.jpg to /public_html/kimsondreams/images/articles/content_best-gaming-accessories-2025_0_1772533929586.jpg
Uploading temp_ftp_blog/images/articles/cover_best-4k-monitors-2025_1772533908698.jpg to /public_html/kimsondreams/images/articles/cover_best-4k-monitors-2025_1772533908698.jpg
Uploading temp_ftp_blog/images/articles/article2-cover.jpg to /public_html/kimsondreams/images/articles/article2-cover.jpg
Uploading temp_ftp_blog/images/articles/cover_best-wireless-earbuds-2025_1772533806435.jpg to /public_html/kimsondreams/images/articles/cover_best-wireless-earbuds-2025_1772533806435.jpg
Uploading temp_ftp_blog/images/articles/july-2025-tech-guide-main.jpg to /public_html/kimsondreams/images/articles/july-2025-tech-guide-main.jpg
Uploading temp_ftp_blog/images/articles/nintendo-switch-2-main.jpg to /public_html/kimsondreams/images/articles/nintendo-switch-2-main.jpg
Uploading temp_ftp_blog/images/articles/iphone-17-pro-max-colors.jpg to /public_html/kimsondreams/images/articles/iphone-17-pro-max-colors.jpg
Uploading temp_ftp_blog/images/articles/cover_best-wireless-earbuds-2025_1772533952980.webp to /public_html/kimsondreams/images/articles/cover_best-wireless-earbuds-2025_1772533952980.webp
Uploading temp_ftp_blog/images/articles/dji-pocket-3.jpg to /public_html/kimsondreams/images/articles/dji-pocket-3.jpg
Uploading temp_ftp_blog/images/articles/cover_article1_1772533728355.jpg to /public_html/kimsondreams/images/articles/cover_article1_1772533728355.jpg
Uploading temp_ftp_blog/images/articles/cover_ai-assistants-comparison-2025_1772533716868.webp to /public_html/kimsondreams/images/articles/cover_ai-assistants-comparison-2025_1772533716868.webp
Uploading temp_ftp_blog/images/articles/content_best-gaming-accessories-2025_3_1772811044918.jpg to /public_html/kimsondreams/images/articles/content_best-gaming-accessories-2025_3_1772811044918.jpg
Uploading temp_ftp_blog/images/articles/sony-wh-1000xm6-design.jpg to /public_html/kimsondreams/images/articles/sony-wh-1000xm6-design.jpg
Uploading temp_ftp_blog/images/articles/sony-wh-1000xm5-case.webp to /public_html/kimsondreams/images/articles/sony-wh-1000xm5-case.webp
Uploading temp_ftp_blog/images/articles/framework-laptop.webp to /public_html/kimsondreams/images/articles/framework-laptop.webp
Uploading temp_ftp_blog/images/articles/article2-afeela.webp to /public_html/kimsondreams/images/articles/article2-afeela.webp
Uploading temp_ftp_blog/images/articles/iphone-16-pro-max-performance.jpg to /public_html/kimsondreams/images/articles/iphone-16-pro-max-performance.jpg
Uploading temp_ftp_blog/images/articles/cover_iphone-17-vs-samsung-s25_1772533824485.webp to /public_html/kimsondreams/images/articles/cover_iphone-17-vs-samsung-s25_1772533824485.webp
Uploading temp_ftp_blog/images/articles/cover_top-ai-gadgets-amazon-2025_1772533859330.jpg to /public_html/kimsondreams/images/articles/cover_top-ai-gadgets-amazon-2025_1772533859330.jpg
Uploading temp_ftp_blog/images/articles/mwc-2026-highlights.jpg to /public_html/kimsondreams/images/articles/mwc-2026-highlights.jpg
Uploading temp_ftp_blog/images/articles/2026-wearable-tech-health-gadgets-guide-main.jpg to /public_html/kimsondreams/images/articles/2026-wearable-tech-health-gadgets-guide-main.jpg
Uploading temp_ftp_blog/images/articles/cover_apple-watch-ultra-2-review_1772533721800.jpg to /public_html/kimsondreams/images/articles/cover_apple-watch-ultra-2-review_1772533721800.jpg
Uploading temp_ftp_blog/images/articles/dji-mini-4-flight.webp to /public_html/kimsondreams/images/articles/dji-mini-4-flight.webp
Uploading temp_ftp_blog/images/articles/oura-ring-4.jpg to /public_html/kimsondreams/images/articles/oura-ring-4.jpg
Uploading temp_ftp_blog/images/articles/cover_best-smart-home-devices-2025_1772533795419.webp to /public_html/kimsondreams/images/articles/cover_best-smart-home-devices-2025_1772533795419.webp
Uploading temp_ftp_blog/images/articles/july-2026-tech-guide-main.jpg to /public_html/kimsondreams/images/articles/july-2026-tech-guide-main.jpg
Uploading temp_ftp_blog/images/articles/cover_best-4k-monitors-2025_1772533752582.webp to /public_html/kimsondreams/images/articles/cover_best-4k-monitors-2025_1772533752582.webp
Uploading temp_ftp_blog/images/articles/dji-mini-4-pro.webp to /public_html/kimsondreams/images/articles/dji-mini-4-pro.webp
Uploading temp_ftp_blog/images/articles/apple-watch-ultra-2.jpg to /public_html/kimsondreams/images/articles/apple-watch-ultra-2.jpg
Uploading temp_ftp_blog/images/articles/cover_summer-2025-laptop-buying-guide_1771429759483.jpg to /public_html/kimsondreams/images/articles/cover_summer-2025-laptop-buying-guide_1771429759483.jpg
Uploading temp_ftp_blog/images/articles/iphone-16-pro-max-camera.jpg to /public_html/kimsondreams/images/articles/iphone-16-pro-max-camera.jpg
Uploading temp_ftp_blog/images/articles/cover_best-portable-monitors-2025_1771430297469.webp to /public_html/kimsondreams/images/articles/cover_best-portable-monitors-2025_1771430297469.webp
Uploading temp_ftp_blog/images/articles/content_best-gaming-accessories-2025_0_1772533775379.jpg to /public_html/kimsondreams/images/articles/content_best-gaming-accessories-2025_0_1772533775379.jpg
Uploading temp_ftp_blog/images/articles/article2-ai-pin.jpg to /public_html/kimsondreams/images/articles/article2-ai-pin.jpg
Uploading temp_ftp_blog/images/articles/cover_summer-2025-laptop-buying-guide_1772533844234.webp to /public_html/kimsondreams/images/articles/cover_summer-2025-laptop-buying-guide_1772533844234.webp
Uploading temp_ftp_blog/images/articles/cover_article3_1772533733891.jpg to /public_html/kimsondreams/images/articles/cover_article3_1772533733891.jpg
Uploading temp_ftp_blog/images/articles/cover_ai-assistants-comparison-2025_1772533876324.webp to /public_html/kimsondreams/images/articles/cover_ai-assistants-comparison-2025_1772533876324.webp
Uploading temp_ftp_blog/images/articles/may-2025-tech-lifestyle-main.jpg to /public_html/kimsondreams/images/articles/may-2025-tech-lifestyle-main.jpg
Uploading temp_ftp_blog/images/articles/bose-quietcomfort-earbuds-ii.jpg to /public_html/kimsondreams/images/articles/bose-quietcomfort-earbuds-ii.jpg
Uploading temp_ftp_blog/images/articles/samsung-galaxy-s23-ultra.webp to /public_html/kimsondreams/images/articles/samsung-galaxy-s23-ultra.webp
Uploading temp_ftp_blog/images/articles/samsung-galaxy-watch-6.jpg to /public_html/kimsondreams/images/articles/samsung-galaxy-watch-6.jpg
Uploading temp_ftp_blog/images/articles/content_best-gaming-accessories-2025_2_1772533931718.webp to /public_html/kimsondreams/images/articles/content_best-gaming-accessories-2025_2_1772533931718.webp
Uploading temp_ftp_blog/images/articles/asus-rog-zephyrus-2025-gaming.jpg to /public_html/kimsondreams/images/articles/asus-rog-zephyrus-2025-gaming.jpg
Uploading temp_ftp_blog/images/articles/back-to-school-2025-ai-laptop-guide.jpg to /public_html/kimsondreams/images/articles/back-to-school-2025-ai-laptop-guide.jpg
Uploading temp_ftp_blog/images/articles/sony-wh-1000xm6-main.webp to /public_html/kimsondreams/images/articles/sony-wh-1000xm6-main.webp
Uploading temp_ftp_blog/images/articles/iphone-17-pro-max.jpg to /public_html/kimsondreams/images/articles/iphone-17-pro-max.jpg
Uploading temp_ftp_blog/images/articles/iphone-15-pro-max-performance.jpg to /public_html/kimsondreams/images/articles/iphone-15-pro-max-performance.jpg
Uploading temp_ftp_blog/images/articles/cover_article9_1772533746565.webp to /public_html/kimsondreams/images/articles/cover_article9_1772533746565.webp
Uploading temp_ftp_blog/images/articles/fathers-day-2026-tech-gift-guide-wwdc-predictions-main.jpg to /public_html/kimsondreams/images/articles/fathers-day-2026-tech-gift-guide-wwdc-predictions-main.jpg
Uploading temp_ftp_blog/images/articles/may-2026-tech-lifestyle-main.jpg to /public_html/kimsondreams/images/articles/may-2026-tech-lifestyle-main.jpg
Uploading temp_ftp_blog/images/articles/article5-cover.jpg to /public_html/kimsondreams/images/articles/article5-cover.jpg
Uploading temp_ftp_blog/images/articles/google-io-2025-agentic-ui.jpg to /public_html/kimsondreams/images/articles/google-io-2025-agentic-ui.jpg
Uploading temp_ftp_blog/images/articles/june-2026-tech-guide-main.jpg to /public_html/kimsondreams/images/articles/june-2026-tech-guide-main.jpg
Uploading temp_ftp_blog/images/articles/article6-cover.webp to /public_html/kimsondreams/images/articles/article6-cover.webp
Uploading temp_ftp_blog/images/articles/cover_article9_1772533903730.webp to /public_html/kimsondreams/images/articles/cover_article9_1772533903730.webp
Uploading temp_ftp_blog/images/articles/content_sony-wh-1000xm5-review_0_1772533839095.jpg to /public_html/kimsondreams/images/articles/content_sony-wh-1000xm5-review_0_1772533839095.jpg
Uploading temp_ftp_blog/images/articles/cover_ai-assistants-comparison-2025_1772533876324.jpg to /public_html/kimsondreams/images/articles/cover_ai-assistants-comparison-2025_1772533876324.jpg
Uploading temp_ftp_blog/images/articles/microled.jpg to /public_html/kimsondreams/images/articles/microled.jpg
Uploading temp_ftp_blog/images/articles/iphone-16-pro-max.webp to /public_html/kimsondreams/images/articles/iphone-16-pro-max.webp
Uploading temp_ftp_blog/images/articles/cover_best-portable-monitors-2025_1772533939848.webp to /public_html/kimsondreams/images/articles/cover_best-portable-monitors-2025_1772533939848.webp
Uploading temp_ftp_blog/images/articles/cover_ai-assistants-comparison-2025_1771429942479.webp to /public_html/kimsondreams/images/articles/cover_ai-assistants-comparison-2025_1771429942479.webp
Uploading temp_ftp_blog/images/articles/cover_best-wireless-earbuds-2025_1771429901077.webp to /public_html/kimsondreams/images/articles/cover_best-wireless-earbuds-2025_1771429901077.webp
Uploading temp_ftp_blog/images/articles/sony-wf-1000xm5.webp to /public_html/kimsondreams/images/articles/sony-wf-1000xm5.webp
Uploading temp_ftp_blog/images/articles/dji-pocket-3.webp to /public_html/kimsondreams/images/articles/dji-pocket-3.webp
Uploading temp_ftp_blog/images/articles/apple-watch-series-10-main.webp to /public_html/kimsondreams/images/articles/apple-watch-series-10-main.webp
Uploading temp_ftp_blog/images/articles/iphone-18-pro-leak.jpg to /public_html/kimsondreams/images/articles/iphone-18-pro-leak.jpg
Uploading temp_ftp_blog/images/articles/sony-wh-1000xm5-app.jpg to /public_html/kimsondreams/images/articles/sony-wh-1000xm5-app.jpg
Uploading temp_ftp_blog/images/articles/alienware-x14.jpg to /public_html/kimsondreams/images/articles/alienware-x14.jpg
Uploading temp_ftp_blog/images/articles/cover_summer-2025-laptop-buying-guide_1772533987658.jpg to /public_html/kimsondreams/images/articles/cover_summer-2025-laptop-buying-guide_1772533987658.jpg
Uploading temp_ftp_blog/images/articles/cover_revolutionary-ai-tech-products-amazon-2025_1772533975512.webp to /public_html/kimsondreams/images/articles/cover_revolutionary-ai-tech-products-amazon-2025_1772533975512.webp
Uploading temp_ftp_blog/images/articles/cover_iphone-17-vs-samsung-s25_1772533824485.jpg to /public_html/kimsondreams/images/articles/cover_iphone-17-vs-samsung-s25_1772533824485.jpg
Uploading temp_ftp_blog/images/articles/dji-mini-3-pro.webp to /public_html/kimsondreams/images/articles/dji-mini-3-pro.webp
Uploading temp_ftp_blog/images/articles/gopro-hero13.jpg to /public_html/kimsondreams/images/articles/gopro-hero13.jpg
Uploading temp_ftp_blog/images/articles/sony-zv-5.jpg to /public_html/kimsondreams/images/articles/sony-zv-5.jpg
Uploading temp_ftp_blog/images/articles/cover_article1_1772533886184.webp to /public_html/kimsondreams/images/articles/cover_article1_1772533886184.webp
Uploading temp_ftp_blog/images/articles/cover_best-budget-tech-gadgets-2024_1772533764568.jpg to /public_html/kimsondreams/images/articles/cover_best-budget-tech-gadgets-2024_1772533764568.jpg
Uploading temp_ftp_blog/images/articles/2025-wearable-tech-health-gadgets-guide-main.jpg to /public_html/kimsondreams/images/articles/2025-wearable-tech-health-gadgets-guide-main.jpg
Uploading temp_ftp_blog/images/articles/june-2025-tech-guide-main.jpg to /public_html/kimsondreams/images/articles/june-2025-tech-guide-main.jpg
Uploading temp_ftp_blog/images/articles/cover_best-wireless-earbuds-2025_1772533952980.jpg to /public_html/kimsondreams/images/articles/cover_best-wireless-earbuds-2025_1772533952980.jpg
Uploading temp_ftp_blog/images/articles/cover_best-eco-friendly-products-amazon-2025_1772533770169.webp to /public_html/kimsondreams/images/articles/cover_best-eco-friendly-products-amazon-2025_1772533770169.webp
Uploading temp_ftp_blog/images/articles/article8-cover.jpg to /public_html/kimsondreams/images/articles/article8-cover.jpg
Uploading temp_ftp_blog/images/articles/cover_top-5-flagship-gadgets-2025_1772533854396.webp to /public_html/kimsondreams/images/articles/cover_top-5-flagship-gadgets-2025_1772533854396.webp
Uploading temp_ftp_blog/images/articles/google-io-2025-main.jpg to /public_html/kimsondreams/images/articles/google-io-2025-main.jpg
Uploading temp_ftp_blog/images/articles/cover_best-portable-monitors-2025_1771430297469.jpg to /public_html/kimsondreams/images/articles/cover_best-portable-monitors-2025_1771430297469.jpg
Uploading temp_ftp_blog/images/articles/oura-ring-gen4-lifestyle.jpg to /public_html/kimsondreams/images/articles/oura-ring-gen4-lifestyle.jpg
Uploading temp_ftp_blog/images/articles/cover_ai-assistants-comparison-2025_1771429979469.jpg to /public_html/kimsondreams/images/articles/cover_ai-assistants-comparison-2025_1771429979469.jpg
Uploading temp_ftp_blog/images/articles/article5-solar.webp to /public_html/kimsondreams/images/articles/article5-solar.webp
Uploading temp_ftp_blog/images/articles/content_best-gaming-accessories-2025_0_1772533775379.webp to /public_html/kimsondreams/images/articles/content_best-gaming-accessories-2025_0_1772533775379.webp
Uploading temp_ftp_blog/images/articles/tech-gadgets-2025-main.webp to /public_html/kimsondreams/images/articles/tech-gadgets-2025-main.webp
Uploading temp_ftp_blog/images/articles/apple-airpods-pro-2.jpg to /public_html/kimsondreams/images/articles/apple-airpods-pro-2.jpg
Uploading temp_ftp_blog/images/articles/samsung-galaxy-s23-ultra-camera.jpg to /public_html/kimsondreams/images/articles/samsung-galaxy-s23-ultra-camera.jpg
Uploading temp_ftp_blog/images/articles/cover_sony-wh-1000xm5-review_1772533979862.webp to /public_html/kimsondreams/images/articles/cover_sony-wh-1000xm5-review_1772533979862.webp
Uploading temp_ftp_blog/images/articles/cover_iphone-16-pro-max-review_1772533964793.jpg to /public_html/kimsondreams/images/articles/cover_iphone-16-pro-max-review_1772533964793.jpg
Uploading temp_ftp_blog/images/articles/downloads/test-topic-2025-2-1c4effd1.jpg to /public_html/kimsondreams/images/articles/downloads/test-topic-2025-2-1c4effd1.jpg
Uploading temp_ftp_blog/images/articles/downloads/best-smartphones-mobile-photography-2025-0-98e6b046.jpg to /public_html/kimsondreams/images/articles/downloads/best-smartphones-mobile-photography-2025-0-98e6b046.jpg
Uploading temp_ftp_blog/images/articles/downloads/test-topic-2025-1-9b9af3e8.jpg to /public_html/kimsondreams/images/articles/downloads/test-topic-2025-1-9b9af3e8.jpg
Uploading temp_ftp_blog/images/articles/downloads/top-5-powerbanks-2025-2-13f5a6b1.jpg to /public_html/kimsondreams/images/articles/downloads/top-5-powerbanks-2025-2-13f5a6b1.jpg
Uploading temp_ftp_blog/images/articles/downloads/article9-0-d90b934b.jpg to /public_html/kimsondreams/images/articles/downloads/article9-0-d90b934b.jpg
Uploading temp_ftp_blog/images/articles/downloads/top-time-management-apps-for-freelancers-2025-1-bf4567a2.jpg to /public_html/kimsondreams/images/articles/downloads/top-time-management-apps-for-freelancers-2025-1-bf4567a2.jpg
Uploading temp_ftp_blog/images/articles/downloads/top-time-management-apps-for-freelancers-2025-2-027c3249.jpg to /public_html/kimsondreams/images/articles/downloads/top-time-management-apps-for-freelancers-2025-2-027c3249.jpg
Uploading temp_ftp_blog/images/articles/downloads/best-smartphones-mobile-photography-2025-1-14c7f6c6.jpg to /public_html/kimsondreams/images/articles/downloads/best-smartphones-mobile-photography-2025-1-14c7f6c6.jpg
Uploading temp_ftp_blog/images/articles/downloads/test-topic-2025-0-8222eb70.jpg to /public_html/kimsondreams/images/articles/downloads/test-topic-2025-0-8222eb70.jpg
Uploading temp_ftp_blog/images/articles/downloads/article9-1-21ed3ecd.jpg to /public_html/kimsondreams/images/articles/downloads/article9-1-21ed3ecd.jpg
Uploading temp_ftp_blog/images/articles/apple-watch-series-9-main.jpg to /public_html/kimsondreams/images/articles/apple-watch-series-9-main.jpg
Uploading temp_ftp_blog/images/articles/holiday-tech-2025.webp to /public_html/kimsondreams/images/articles/holiday-tech-2025.webp
Uploading temp_ftp_blog/images/articles/article3-cover.jpg to /public_html/kimsondreams/images/articles/article3-cover.jpg
Uploading temp_ftp_blog/images/articles/iphone-17-pro-max.webp to /public_html/kimsondreams/images/articles/iphone-17-pro-max.webp
Uploading temp_ftp_blog/images/articles/razer-blade-14.jpg to /public_html/kimsondreams/images/articles/razer-blade-14.jpg
Uploading temp_ftp_blog/images/articles/article8-mouse.jpg to /public_html/kimsondreams/images/articles/article8-mouse.jpg
Uploading temp_ftp_blog/images/articles/default.jpg to /public_html/kimsondreams/images/articles/default.jpg
Uploading temp_ftp_blog/images/articles/apple-watch-series-9-alt.webp to /public_html/kimsondreams/images/articles/apple-watch-series-9-alt.webp
Uploading temp_ftp_blog/images/articles/cover_revolutionary-ai-tech-products-amazon-2025_1772533830555.webp to /public_html/kimsondreams/images/articles/cover_revolutionary-ai-tech-products-amazon-2025_1772533830555.webp
Uploading temp_ftp_blog/images/articles/iphone-16-pro-max-performance.webp to /public_html/kimsondreams/images/articles/iphone-16-pro-max-performance.webp
Uploading temp_ftp_blog/images/articles/cover_best-4k-monitors-2025_1771430329856.jpg to /public_html/kimsondreams/images/articles/cover_best-4k-monitors-2025_1771430329856.jpg
Uploading temp_ftp_blog/images/articles/asus-rog-zephyrus-g16.jpg to /public_html/kimsondreams/images/articles/asus-rog-zephyrus-g16.jpg
Uploading temp_ftp_blog/images/articles/cover_best-amazon-gadgets-march-2025_1772533913623.webp to /public_html/kimsondreams/images/articles/cover_best-amazon-gadgets-march-2025_1772533913623.webp
Uploading temp_ftp_blog/images/articles/content_sony-wh-1000xm5-review_0_1772533982605.jpg to /public_html/kimsondreams/images/articles/content_sony-wh-1000xm5-review_0_1772533982605.jpg
Uploading temp_ftp_blog/images/articles/dji-mini-3-pro.jpg to /public_html/kimsondreams/images/articles/dji-mini-3-pro.jpg
Uploading temp_ftp_blog/images/articles/iphone17-vs-s25.jpg to /public_html/kimsondreams/images/articles/iphone17-vs-s25.jpg
Uploading temp_ftp_blog/images/articles/smartphone-ai-features.jpg to /public_html/kimsondreams/images/articles/smartphone-ai-features.jpg
Uploading temp_ftp_blog/images/articles/sony-xm5-black.webp to /public_html/kimsondreams/images/articles/sony-xm5-black.webp
Uploading temp_ftp_blog/images/articles/cover_best-eco-friendly-products-amazon-2025_1772533925055.webp to /public_html/kimsondreams/images/articles/cover_best-eco-friendly-products-amazon-2025_1772533925055.webp
Uploading temp_ftp_blog/images/articles/apple-watch-series-10-main.jpg to /public_html/kimsondreams/images/articles/apple-watch-series-10-main.jpg
Uploading temp_ftp_blog/images/articles/cover_best-budget-tech-gadgets-2024_1772533918447.jpg to /public_html/kimsondreams/images/articles/cover_best-budget-tech-gadgets-2024_1772533918447.jpg
Uploading temp_ftp_blog/images/articles/cover_revolutionary-ai-tech-products-amazon-2025_1772533975512.jpg to /public_html/kimsondreams/images/articles/cover_revolutionary-ai-tech-products-amazon-2025_1772533975512.jpg
Uploading temp_ftp_blog/images/articles/canon-r7c.webp to /public_html/kimsondreams/images/articles/canon-r7c.webp
Uploading temp_ftp_blog/images/articles/apple-watch-series-9.jpg to /public_html/kimsondreams/images/articles/apple-watch-series-9.jpg
Uploading temp_ftp_blog/images/articles/asus-rog-zephyrus-g14.jpg to /public_html/kimsondreams/images/articles/asus-rog-zephyrus-g14.jpg
Uploading temp_ftp_blog/images/articles/cover_top-wireless-earbuds-2025-comparison_1772534006512.jpg to /public_html/kimsondreams/images/articles/cover_top-wireless-earbuds-2025-comparison_1772534006512.jpg
Uploading temp_ftp_blog/images/articles/apple-watch-series-9-main.webp to /public_html/kimsondreams/images/articles/apple-watch-series-9-main.webp
Uploading temp_ftp_blog/images/articles/content_article4_2_1771410907842.jpg to /public_html/kimsondreams/images/articles/content_article4_2_1771410907842.jpg
Uploading temp_ftp_blog/images/articles/cover_top-wireless-earbuds-2025-comparison_1772534006512.webp to /public_html/kimsondreams/images/articles/cover_top-wireless-earbuds-2025-comparison_1772534006512.webp
Uploading temp_ftp_blog/images/articles/sony-wh-1000xm5-case.jpg to /public_html/kimsondreams/images/articles/sony-wh-1000xm5-case.jpg
Uploading temp_ftp_blog/images/articles/cover_dji-mini-4-pro-review_1772533811159.webp to /public_html/kimsondreams/images/articles/cover_dji-mini-4-pro-review_1772533811159.webp
Uploading temp_ftp_blog/images/articles/sony-wh-1000xm5-main.jpg to /public_html/kimsondreams/images/articles/sony-wh-1000xm5-main.jpg
Uploading temp_ftp_blog/images/articles/apple-watch-series-10-alt.webp to /public_html/kimsondreams/images/articles/apple-watch-series-10-alt.webp
Uploading temp_ftp_blog/images/articles/mwc-2025-highlights.jpg to /public_html/kimsondreams/images/articles/mwc-2025-highlights.jpg
Uploading temp_ftp_blog/images/articles/content_best-gaming-accessories-2025_2_1772533931718.jpg to /public_html/kimsondreams/images/articles/content_best-gaming-accessories-2025_2_1772533931718.jpg
Uploading temp_ftp_blog/images/articles/cover_best-tech-gadgets-comparison-2025_1772533800756.jpg to /public_html/kimsondreams/images/articles/cover_best-tech-gadgets-comparison-2025_1772533800756.jpg
Uploading temp_ftp_blog/images/articles/article3-cover.webp to /public_html/kimsondreams/images/articles/article3-cover.webp
Uploading temp_ftp_blog/images/articles/dji-mini-3-pro-main.webp to /public_html/kimsondreams/images/articles/dji-mini-3-pro-main.webp
Uploading temp_ftp_blog/images/articles/article5-solar.jpg to /public_html/kimsondreams/images/articles/article5-solar.jpg
Uploading temp_ftp_blog/images/articles/cover_article4_1771410899117.jpg to /public_html/kimsondreams/images/articles/cover_article4_1771410899117.jpg
Uploading temp_ftp_blog/images/articles/asus-rog-zephyrus-g14-alt.jpg to /public_html/kimsondreams/images/articles/asus-rog-zephyrus-g14-alt.jpg
Uploading temp_ftp_blog/css/tailwind.min.css to /public_html/kimsondreams/css/tailwind.min.css
Uploading temp_ftp_blog/css/styles.css to /public_html/kimsondreams/css/styles.css
Uploading temp_ftp_blog/css/amazon-cta.css to /public_html/kimsondreams/css/amazon-cta.css
Uploading temp_ftp_blog/css/article.css to /public_html/kimsondreams/css/article.css
Uploading temp_ftp_blog/css/design-system.css to /public_html/kimsondreams/css/design-system.css
Uploading temp_ftp_blog/js/articles-data.js to /public_html/kimsondreams/js/articles-data.js
Uploading temp_ftp_blog/js/main.js to /public_html/kimsondreams/js/main.js
Uploading temp_ftp_blog/js/analytics.js to /public_html/kimsondreams/js/analytics.js
Uploading index.html to root...
Uploading article.html to root...
Uploading articles.json to root...
Sync completed successfully.
