Connecting to 89.116.53.41...
Login successful. Passive mode enabled.
Remote root set to: /public_html/kimsondreams
Uploading: temp_blog_fix/article_template.html -> ./article_template.html
Uploading: temp_blog_fix/favicon.ico -> ./favicon.ico
Uploading: temp_blog_fix/add_schema_comparisons.py -> ./add_schema_comparisons.py
Uploading: temp_blog_fix/index.html -> ./index.html
Uploading: temp_blog_fix/css/tailwind.min.css -> css/tailwind.min.css
Uploading: temp_blog_fix/css/styles.css -> css/styles.css
Uploading: temp_blog_fix/css/amazon-cta.css -> css/amazon-cta.css
Uploading: temp_blog_fix/css/article.css -> css/article.css
Uploading: temp_blog_fix/images/articles/generated/smart-home-innovative-gadgets-2025-fallback-0.svg -> images/articles/generated/smart-home-innovative-gadgets-2025-fallback-0.svg
Uploading: temp_blog_fix/images/articles/generated/7-gen-1.svg -> images/articles/generated/7-gen-1.svg
Uploading: temp_blog_fix/images/articles/generated/article8-fallback-1.svg -> images/articles/generated/article8-fallback-1.svg
Uploading: temp_blog_fix/images/articles/generated/smart-home-innovative-gadgets-2025-fallback-1.svg -> images/articles/generated/smart-home-innovative-gadgets-2025-fallback-1.svg
Uploading: temp_blog_fix/images/articles/generated/7-gen-2.svg -> images/articles/generated/7-gen-2.svg
Uploading: temp_blog_fix/images/articles/generated/article8-fallback-2.svg -> images/articles/generated/article8-fallback-2.svg
Uploading: temp_blog_fix/images/articles/generated/smart-home-innovative-gadgets-2025-fallback-2.svg -> images/articles/generated/smart-home-innovative-gadgets-2025-fallback-2.svg
Uploading: temp_blog_fix/images/articles/generated/article9-fallback-2.svg -> images/articles/generated/article9-fallback-2.svg
Uploading: temp_blog_fix/images/articles/generated/top-time-management-apps-for-freelancers-2025-fallback-0.svg -> images/articles/generated/top-time-management-apps-for-freelancers-2025-fallback-0.svg
Uploading: temp_blog_fix/images/articles/generated/holiday-tech-gift-guide-2025-fallback-0.svg -> images/articles/generated/holiday-tech-gift-guide-2025-fallback-0.svg
Uploading: temp_blog_fix/images/articles/generated/top-5-powerbanks-2025-fallback-0.svg -> images/articles/generated/top-5-powerbanks-2025-fallback-0.svg
Uploading: temp_blog_fix/images/articles/generated/top-5-powerbanks-2025-fallback-1.svg -> images/articles/generated/top-5-powerbanks-2025-fallback-1.svg
Uploading: temp_blog_fix/images/articles/generated/best-sports-smartwatches-2025-fallback-2.svg -> images/articles/generated/best-sports-smartwatches-2025-fallback-2.svg
Uploading: temp_blog_fix/images/articles/generated/5-gen-1.svg -> images/articles/generated/5-gen-1.svg
Uploading: temp_blog_fix/images/articles/generated/best-sports-smartwatches-2025-fallback-1.svg -> images/articles/generated/best-sports-smartwatches-2025-fallback-1.svg
Uploading: temp_blog_fix/images/articles/generated/5-gen-2.svg -> images/articles/generated/5-gen-2.svg
Uploading: temp_blog_fix/images/articles/generated/best-smartphones-mobile-photography-2025-fallback-2.svg -> images/articles/generated/best-smartphones-mobile-photography-2025-fallback-2.svg
Uploading: temp_blog_fix/images/articles/generated/best-sports-smartwatches-2025-fallback-0.svg -> images/articles/generated/best-sports-smartwatches-2025-fallback-0.svg
Uploading: temp_blog_fix/images/articles/generated/holiday-tech-gift-guide-2025-gen-2.svg -> images/articles/generated/holiday-tech-gift-guide-2025-gen-2.svg
Uploading: temp_blog_fix/images/articles/generated/holiday-tech-gift-guide-2025-gen-1.svg -> images/articles/generated/holiday-tech-gift-guide-2025-gen-1.svg
Uploading: temp_blog_fix/images/articles/generated/2-gen-1.svg -> images/articles/generated/2-gen-1.svg
Uploading: temp_blog_fix/images/articles/generated/2-gen-2.svg -> images/articles/generated/2-gen-2.svg
Uploading: temp_blog_fix/images/articles/generated/3-fallback-2.svg -> images/articles/generated/3-fallback-2.svg
Uploading: temp_blog_fix/images/articles/iphone-15-pro-max.jpg -> images/articles/iphone-15-pro-max.jpg
Uploading: temp_blog_fix/images/articles/article6-cover.jpg -> images/articles/article6-cover.jpg
Uploading: temp_blog_fix/images/articles/cover_top-10-smart-home-gadgets-amazon-2025_1772533992513.jpg -> images/articles/cover_top-10-smart-home-gadgets-amazon-2025_1772533992513.jpg
Uploading: temp_blog_fix/images/articles/smart-home-gadgets-2025.jpg -> images/articles/smart-home-gadgets-2025.jpg
Uploading: temp_blog_fix/images/articles/ai-tech-products-2025.jpg -> images/articles/ai-tech-products-2025.jpg
Uploading: temp_blog_fix/images/articles/cover_summer-2025-laptop-buying-guide_1772533844234.jpg -> images/articles/cover_summer-2025-laptop-buying-guide_1772533844234.jpg
Uploading: temp_blog_fix/images/articles/best-laptops-2025.jpg -> images/articles/best-laptops-2025.jpg
Uploading: temp_blog_fix/images/articles/sony-xm5-black.jpg -> images/articles/sony-xm5-black.jpg
Uploading: temp_blog_fix/images/articles/cover_best-amazon-gadgets-march-2025_1772533913623.jpg -> images/articles/cover_best-amazon-gadgets-march-2025_1772533913623.jpg
Uploading: temp_blog_fix/images/articles/cover_sony-wh-1000xm5-review_1772533836261.jpg -> images/articles/cover_sony-wh-1000xm5-review_1772533836261.jpg
Uploading: temp_blog_fix/images/articles/iphone-17-pro-max-performance.jpg -> images/articles/iphone-17-pro-max-performance.jpg
Uploading: temp_blog_fix/images/articles/macbook-m5.jpg -> images/articles/macbook-m5.jpg
Uploading: temp_blog_fix/images/articles/cover_iphone-17-vs-samsung-s25_1772533970022.jpg -> images/articles/cover_iphone-17-vs-samsung-s25_1772533970022.jpg
Uploading: temp_blog_fix/images/articles/content_best-gaming-accessories-2025_2_1772533778451.jpg -> images/articles/content_best-gaming-accessories-2025_2_1772533778451.jpg
Uploading: temp_blog_fix/images/articles/cover_top-wireless-earbuds-2025-comparison_1772533866430.jpg -> images/articles/cover_top-wireless-earbuds-2025-comparison_1772533866430.jpg
Uploading: temp_blog_fix/images/articles/apple-watch-s10-main.jpg -> images/articles/apple-watch-s10-main.jpg
Uploading: temp_blog_fix/images/articles/cover_best-gaming-headsets-2025_1772533935657.jpg -> images/articles/cover_best-gaming-headsets-2025_1772533935657.jpg
Uploading: temp_blog_fix/images/articles/cover_top-10-smart-home-gadgets-amazon-2025_1772533849473.jpg -> images/articles/cover_top-10-smart-home-gadgets-amazon-2025_1772533849473.jpg
Uploading: temp_blog_fix/images/articles/cover_best-gaming-headsets-2025_1771430150768.jpg -> images/articles/cover_best-gaming-headsets-2025_1771430150768.jpg
Uploading: temp_blog_fix/images/articles/cover_best-eco-friendly-products-amazon-2025_1772533925055.jpg -> images/articles/cover_best-eco-friendly-products-amazon-2025_1772533925055.jpg
Uploading: temp_blog_fix/images/articles/cover_best-mechanical-keyboards-2025_1771430379013.jpg -> images/articles/cover_best-mechanical-keyboards-2025_1771430379013.jpg
Uploading: temp_blog_fix/images/articles/cover_dji-mini-4-pro-review_1772533957827.jpg -> images/articles/cover_dji-mini-4-pro-review_1772533957827.jpg
Uploading: temp_blog_fix/images/articles/2026-flagship-guide-main.jpg -> images/articles/2026-flagship-guide-main.jpg
Uploading: temp_blog_fix/images/articles/cover_article1_1772533886184.jpg -> images/articles/cover_article1_1772533886184.jpg
Uploading: temp_blog_fix/images/articles/samsung-quantum-dot-oled-tv.jpg -> images/articles/samsung-quantum-dot-oled-tv.jpg
Uploading: temp_blog_fix/images/articles/tech-gadgets-2025-main.jpg -> images/articles/tech-gadgets-2025-main.jpg
Uploading: temp_blog_fix/images/articles/framework-laptop.jpg -> images/articles/framework-laptop.jpg
Uploading: temp_blog_fix/images/articles/cover_best-smart-home-devices-2025_1771430240012.jpg -> images/articles/cover_best-smart-home-devices-2025_1771430240012.jpg
Uploading: temp_blog_fix/images/articles/cover_article9_1772533746565.jpg -> images/articles/cover_article9_1772533746565.jpg
Uploading: temp_blog_fix/images/articles/soundcore-space.jpg -> images/articles/soundcore-space.jpg
Uploading: temp_blog_fix/images/articles/polaroid-now.jpg -> images/articles/polaroid-now.jpg
Uploading: temp_blog_fix/images/articles/cover_best-smart-home-devices-2025_1772533944345.jpg -> images/articles/cover_best-smart-home-devices-2025_1772533944345.jpg
Uploading: temp_blog_fix/images/articles/dji-mini-4-flight.jpg -> images/articles/dji-mini-4-flight.jpg
Uploading: temp_blog_fix/images/articles/cover_top-ai-gadgets-amazon-2025_1772534001676.jpg -> images/articles/cover_top-ai-gadgets-amazon-2025_1772534001676.jpg
Uploading: temp_blog_fix/images/articles/cover_best-portable-monitors-2025_1772533939848.jpg -> images/articles/cover_best-portable-monitors-2025_1772533939848.jpg
Uploading: temp_blog_fix/images/articles/article7-cover.jpg -> images/articles/article7-cover.jpg
Uploading: temp_blog_fix/images/articles/iphone-16-pro-max-colors.jpg -> images/articles/iphone-16-pro-max-colors.jpg
Uploading: temp_blog_fix/images/articles/sony-wh-1000xm5-design.jpg -> images/articles/sony-wh-1000xm5-design.jpg
Uploading: temp_blog_fix/images/articles/cover_ai-assistants-comparison-2025_1772533716868.jpg -> images/articles/cover_ai-assistants-comparison-2025_1772533716868.jpg
Uploading: temp_blog_fix/images/articles/cover_article9_1772533903730.jpg -> images/articles/cover_article9_1772533903730.jpg
Uploading: temp_blog_fix/images/articles/sony-zv5.jpg -> images/articles/sony-zv5.jpg
Uploading: temp_blog_fix/images/articles/sony-wh-1000xm6-main.jpg -> images/articles/sony-wh-1000xm6-main.jpg
Uploading: temp_blog_fix/images/articles/asus-rog-zephyrus-g14-main.jpg -> images/articles/asus-rog-zephyrus-g14-main.jpg
Uploading: temp_blog_fix/images/articles/cover_article3_1772533892733.jpg -> images/articles/cover_article3_1772533892733.jpg
Uploading: temp_blog_fix/images/articles/razer-v4-pro-vs-logitech-g915x-comparison-main.jpg -> images/articles/razer-v4-pro-vs-logitech-g915x-comparison-main.jpg
Uploading: temp_blog_fix/images/articles/iphone-17-pro-max-camera.jpg -> images/articles/iphone-17-pro-max-camera.jpg
Uploading: temp_blog_fix/images/articles/iphone-se-4-vs-pixel-10a-main.jpg -> images/articles/iphone-se-4-vs-pixel-10a-main.jpg
Uploading: temp_blog_fix/images/articles/cover_article4_1772533740781.jpg -> images/articles/cover_article4_1772533740781.jpg
Uploading: temp_blog_fix/images/articles/asus-rog-zephyrus-2026-gaming.jpg -> images/articles/asus-rog-zephyrus-2026-gaming.jpg
Uploading: temp_blog_fix/images/articles/macbook-pro-m3.jpg -> images/articles/macbook-pro-m3.jpg
Uploading: temp_blog_fix/images/articles/smart-rings-comparison-2026.jpg -> images/articles/smart-rings-comparison-2026.jpg
Uploading: temp_blog_fix/images/articles/s24-ultra-display.jpg -> images/articles/s24-ultra-display.jpg
Uploading: temp_blog_fix/images/articles/canon-eos-r7c.jpg -> images/articles/canon-eos-r7c.jpg
Uploading: temp_blog_fix/images/articles/content_article4_0_1771410901958.jpg -> images/articles/content_article4_0_1771410901958.jpg
Uploading: temp_blog_fix/images/articles/content_article4_1_1771410905245.jpg -> images/articles/content_article4_1_1771410905245.jpg
Uploading: temp_blog_fix/images/articles/dji-mini-3-pro-main.jpg -> images/articles/dji-mini-3-pro-main.jpg
Uploading: temp_blog_fix/images/articles/cover_article4_1772533898296.jpg -> images/articles/cover_article4_1772533898296.jpg
Uploading: temp_blog_fix/images/articles/cover_apple-watch-ultra-2-review_1772533881079.jpg -> images/articles/cover_apple-watch-ultra-2-review_1772533881079.jpg
Uploading: temp_blog_fix/images/articles/cover_iphone-16-pro-max-review_1772533819702.jpg -> images/articles/cover_iphone-16-pro-max-review_1772533819702.jpg
Uploading: temp_blog_fix/images/articles/pixel-10a-reveal.jpg -> images/articles/pixel-10a-reveal.jpg
Uploading: temp_blog_fix/images/articles/cover_best-4k-monitors-2025_1772533752582.jpg -> images/articles/cover_best-4k-monitors-2025_1772533752582.jpg
Uploading: temp_blog_fix/images/articles/ipad-pro-m4-productivity.jpg -> images/articles/ipad-pro-m4-productivity.jpg
Uploading: temp_blog_fix/images/articles/best-gaming-accessories-2025-main.jpg -> images/articles/best-gaming-accessories-2025-main.jpg
Uploading: temp_blog_fix/images/articles/iphone-17-pro-vlogging.jpg -> images/articles/iphone-17-pro-vlogging.jpg
Uploading: temp_blog_fix/images/articles/macbook-neo-student.jpg -> images/articles/macbook-neo-student.jpg
Uploading: temp_blog_fix/images/articles/cover_best-portable-monitors-2025_1771430339272.jpg -> images/articles/cover_best-portable-monitors-2025_1771430339272.jpg
Uploading: temp_blog_fix/images/articles/dji-mini-3-pro-alt.jpg -> images/articles/dji-mini-3-pro-alt.jpg
Uploading: temp_blog_fix/images/articles/apple-watch-series-10-alt.jpg -> images/articles/apple-watch-series-10-alt.jpg
Uploading: temp_blog_fix/images/articles/cover_ai-assistants-comparison-2025_1771429942479.jpg -> images/articles/cover_ai-assistants-comparison-2025_1771429942479.jpg
Uploading: temp_blog_fix/images/articles/iphone17-camera.jpg -> images/articles/iphone17-camera.jpg
Uploading: temp_blog_fix/images/articles/dji-mini-4-pro.jpg -> images/articles/dji-mini-4-pro.jpg
Uploading: temp_blog_fix/images/articles/iphone-16-pro-max.jpg -> images/articles/iphone-16-pro-max.jpg
Uploading: temp_blog_fix/images/articles/s25-ultra-display.jpg -> images/articles/s25-ultra-display.jpg
Uploading: temp_blog_fix/images/articles/iphone-15-pro-max-colors.jpg -> images/articles/iphone-15-pro-max-colors.jpg
Uploading: temp_blog_fix/images/articles/canon-r7c.jpg -> images/articles/canon-r7c.jpg
Uploading: temp_blog_fix/images/articles/sony-wf-1000xm5.jpg -> images/articles/sony-wf-1000xm5.jpg
Uploading: temp_blog_fix/images/articles/july-2026-tech-guide-deals.jpg -> images/articles/july-2026-tech-guide-deals.jpg
Uploading: temp_blog_fix/images/articles/cover_best-wireless-earbuds-2025_1771429901077.jpg -> images/articles/cover_best-wireless-earbuds-2025_1771429901077.jpg
Uploading: temp_blog_fix/images/articles/cover_revolutionary-ai-tech-products-amazon-2025_1772533830555.jpg -> images/articles/cover_revolutionary-ai-tech-products-amazon-2025_1772533830555.jpg
Uploading: temp_blog_fix/images/articles/article2-afeela.jpg -> images/articles/article2-afeela.jpg
Uploading: temp_blog_fix/images/articles/cover_best-eco-friendly-products-amazon-2025_1772533770169.jpg -> images/articles/cover_best-eco-friendly-products-amazon-2025_1772533770169.jpg
Uploading: temp_blog_fix/images/articles/iphone-15-pro-max-camera.jpg -> images/articles/iphone-15-pro-max-camera.jpg
Uploading: temp_blog_fix/images/articles/iphone-se-4-design.jpg -> images/articles/iphone-se-4-design.jpg
Uploading: temp_blog_fix/images/articles/sony-xm5.jpg -> images/articles/sony-xm5.jpg
Uploading: temp_blog_fix/images/articles/eco-friendly-2025.jpg -> images/articles/eco-friendly-2025.jpg
Uploading: temp_blog_fix/images/articles/airpods-pro-2.jpg -> images/articles/airpods-pro-2.jpg
Uploading: temp_blog_fix/images/articles/cover_best-gaming-headsets-2025_1772533784942.jpg -> images/articles/cover_best-gaming-headsets-2025_1772533784942.jpg
Uploading: temp_blog_fix/images/articles/cover_top-5-flagship-gadgets-2025_1772533854396.jpg -> images/articles/cover_top-5-flagship-gadgets-2025_1772533854396.jpg
Uploading: temp_blog_fix/images/articles/cover_best-amazon-gadgets-march-2025_1772533758253.jpg -> images/articles/cover_best-amazon-gadgets-march-2025_1772533758253.jpg
Uploading: temp_blog_fix/images/articles/cover_top-5-flagship-gadgets-2025_1772533997120.jpg -> images/articles/cover_top-5-flagship-gadgets-2025_1772533997120.jpg
Uploading: temp_blog_fix/images/articles/apple-watch-series-9-alt.jpg -> images/articles/apple-watch-series-9-alt.jpg
Uploading: temp_blog_fix/images/articles/cover_best-smart-home-devices-2025_1772533795419.jpg -> images/articles/cover_best-smart-home-devices-2025_1772533795419.jpg
Uploading: temp_blog_fix/images/articles/cover_best-tech-gadgets-comparison-2025_1772533948164.jpg -> images/articles/cover_best-tech-gadgets-comparison-2025_1772533948164.jpg
Uploading: temp_blog_fix/images/articles/razer-v4-pro-vs-logitech-g915x-comparison-main.webp -> images/articles/razer-v4-pro-vs-logitech-g915x-comparison-main.webp
Uploading: temp_blog_fix/images/articles/holiday-tech-2025.jpg -> images/articles/holiday-tech-2025.jpg
Uploading: temp_blog_fix/images/articles/cover_best-portable-monitors-2025_1772533790063.jpg -> images/articles/cover_best-portable-monitors-2025_1772533790063.jpg
Uploading: temp_blog_fix/images/articles/sony-wh-1000xm5.jpg -> images/articles/sony-wh-1000xm5.jpg
Uploading: temp_blog_fix/images/articles/sony-wh-1000xm5-anc.jpg -> images/articles/sony-wh-1000xm5-anc.jpg
Uploading: temp_blog_fix/images/articles/cover_dji-mini-4-pro-review_1772533811159.jpg -> images/articles/cover_dji-mini-4-pro-review_1772533811159.jpg
Uploading: temp_blog_fix/images/articles/galaxy-watch-6.jpg -> images/articles/galaxy-watch-6.jpg
Uploading: temp_blog_fix/images/articles/back-to-school-2026-ai-laptop-guide.jpg -> images/articles/back-to-school-2026-ai-laptop-guide.jpg
Uploading: temp_blog_fix/images/articles/samsung-galaxy-s23-ultra.jpg -> images/articles/samsung-galaxy-s23-ultra.jpg
Uploading: temp_blog_fix/images/articles/cover_sony-wh-1000xm5-review_1772533979862.jpg -> images/articles/cover_sony-wh-1000xm5-review_1772533979862.jpg
Uploading: temp_blog_fix/images/articles/content_best-gaming-accessories-2025_0_1772533929586.jpg -> images/articles/content_best-gaming-accessories-2025_0_1772533929586.jpg
Uploading: temp_blog_fix/images/articles/cover_best-4k-monitors-2025_1772533908698.jpg -> images/articles/cover_best-4k-monitors-2025_1772533908698.jpg
Uploading: temp_blog_fix/images/articles/article2-cover.jpg -> images/articles/article2-cover.jpg
Uploading: temp_blog_fix/images/articles/cover_best-wireless-earbuds-2025_1772533806435.jpg -> images/articles/cover_best-wireless-earbuds-2025_1772533806435.jpg
Uploading: temp_blog_fix/images/articles/iphone-17-pro-max-colors.jpg -> images/articles/iphone-17-pro-max-colors.jpg
Uploading: temp_blog_fix/images/articles/dji-pocket-3.jpg -> images/articles/dji-pocket-3.jpg
Uploading: temp_blog_fix/images/articles/cover_article1_1772533728355.jpg -> images/articles/cover_article1_1772533728355.jpg
Uploading: temp_blog_fix/images/articles/iphone-16-pro-max-performance.jpg -> images/articles/iphone-16-pro-max-performance.jpg
Uploading: temp_blog_fix/images/articles/cover_top-ai-gadgets-amazon-2025_1772533859330.jpg -> images/articles/cover_top-ai-gadgets-amazon-2025_1772533859330.jpg
Uploading: temp_blog_fix/images/articles/cover_apple-watch-ultra-2-review_1772533721800.jpg -> images/articles/cover_apple-watch-ultra-2-review_1772533721800.jpg
Uploading: temp_blog_fix/images/articles/oura-ring-4.jpg -> images/articles/oura-ring-4.jpg
Uploading: temp_blog_fix/images/articles/july-2026-tech-guide-main.jpg -> images/articles/july-2026-tech-guide-main.jpg
Uploading: temp_blog_fix/images/articles/apple-watch-ultra-2.jpg -> images/articles/apple-watch-ultra-2.jpg
Uploading: temp_blog_fix/images/articles/cover_summer-2025-laptop-buying-guide_1771429759483.jpg -> images/articles/cover_summer-2025-laptop-buying-guide_1771429759483.jpg
Uploading: temp_blog_fix/images/articles/iphone-16-pro-max-camera.jpg -> images/articles/iphone-16-pro-max-camera.jpg
Uploading: temp_blog_fix/images/articles/content_best-gaming-accessories-2025_0_1772533775379.jpg -> images/articles/content_best-gaming-accessories-2025_0_1772533775379.jpg
Uploading: temp_blog_fix/images/articles/article2-ai-pin.jpg -> images/articles/article2-ai-pin.jpg
Uploading: temp_blog_fix/images/articles/cover_article3_1772533733891.jpg -> images/articles/cover_article3_1772533733891.jpg
Uploading: temp_blog_fix/images/articles/bose-quietcomfort-earbuds-ii.jpg -> images/articles/bose-quietcomfort-earbuds-ii.jpg
Uploading: temp_blog_fix/images/articles/samsung-galaxy-watch-6.jpg -> images/articles/samsung-galaxy-watch-6.jpg
Uploading: temp_blog_fix/images/articles/iphone-17-pro-max.jpg -> images/articles/iphone-17-pro-max.jpg
Uploading: temp_blog_fix/images/articles/iphone-15-pro-max-performance.jpg -> images/articles/iphone-15-pro-max-performance.jpg
Uploading: temp_blog_fix/images/articles/fathers-day-2026-tech-gift-guide-wwdc-predictions-main.jpg -> images/articles/fathers-day-2026-tech-gift-guide-wwdc-predictions-main.jpg
Uploading: temp_blog_fix/images/articles/may-2026-tech-lifestyle-main.jpg -> images/articles/may-2026-tech-lifestyle-main.jpg
Uploading: temp_blog_fix/images/articles/article5-cover.jpg -> images/articles/article5-cover.jpg
Uploading: temp_blog_fix/images/articles/content_sony-wh-1000xm5-review_0_1772533839095.jpg -> images/articles/content_sony-wh-1000xm5-review_0_1772533839095.jpg
Uploading: temp_blog_fix/images/articles/cover_ai-assistants-comparison-2025_1772533876324.jpg -> images/articles/cover_ai-assistants-comparison-2025_1772533876324.jpg
Uploading: temp_blog_fix/images/articles/microled.jpg -> images/articles/microled.jpg
Uploading: temp_blog_fix/images/articles/iphone-18-pro-leak.jpg -> images/articles/iphone-18-pro-leak.jpg
Uploading: temp_blog_fix/images/articles/sony-wh-1000xm5-app.jpg -> images/articles/sony-wh-1000xm5-app.jpg
Uploading: temp_blog_fix/images/articles/alienware-x14.jpg -> images/articles/alienware-x14.jpg
Uploading: temp_blog_fix/images/articles/cover_summer-2025-laptop-buying-guide_1772533987658.jpg -> images/articles/cover_summer-2025-laptop-buying-guide_1772533987658.jpg
Uploading: temp_blog_fix/images/articles/cover_iphone-17-vs-samsung-s25_1772533824485.jpg -> images/articles/cover_iphone-17-vs-samsung-s25_1772533824485.jpg
Uploading: temp_blog_fix/images/articles/gopro-hero13.jpg -> images/articles/gopro-hero13.jpg
Uploading: temp_blog_fix/images/articles/sony-zv-5.jpg -> images/articles/sony-zv-5.jpg
Uploading: temp_blog_fix/images/articles/cover_best-budget-tech-gadgets-2024_1772533764568.jpg -> images/articles/cover_best-budget-tech-gadgets-2024_1772533764568.jpg
Uploading: temp_blog_fix/images/articles/cover_best-wireless-earbuds-2025_1772533952980.jpg -> images/articles/cover_best-wireless-earbuds-2025_1772533952980.jpg
Uploading: temp_blog_fix/images/articles/article8-cover.jpg -> images/articles/article8-cover.jpg
Uploading: temp_blog_fix/images/articles/cover_best-portable-monitors-2025_1771430297469.jpg -> images/articles/cover_best-portable-monitors-2025_1771430297469.jpg
Uploading: temp_blog_fix/images/articles/oura-ring-gen4-lifestyle.jpg -> images/articles/oura-ring-gen4-lifestyle.jpg
Uploading: temp_blog_fix/images/articles/cover_ai-assistants-comparison-2025_1771429979469.jpg -> images/articles/cover_ai-assistants-comparison-2025_1771429979469.jpg
Uploading: temp_blog_fix/images/articles/apple-airpods-pro-2.jpg -> images/articles/apple-airpods-pro-2.jpg
Uploading: temp_blog_fix/images/articles/samsung-galaxy-s23-ultra-camera.jpg -> images/articles/samsung-galaxy-s23-ultra-camera.jpg
Uploading: temp_blog_fix/images/articles/cover_iphone-16-pro-max-review_1772533964793.jpg -> images/articles/cover_iphone-16-pro-max-review_1772533964793.jpg
Uploading: temp_blog_fix/images/articles/downloads/test-topic-2025-2-1c4effd1.jpg -> images/articles/downloads/test-topic-2025-2-1c4effd1.jpg
Uploading: temp_blog_fix/images/articles/downloads/best-smartphones-mobile-photography-2025-0-98e6b046.jpg -> images/articles/downloads/best-smartphones-mobile-photography-2025-0-98e6b046.jpg
Uploading: temp_blog_fix/images/articles/downloads/test-topic-2025-1-9b9af3e8.jpg -> images/articles/downloads/test-topic-2025-1-9b9af3e8.jpg
Uploading: temp_blog_fix/images/articles/downloads/top-5-powerbanks-2025-2-13f5a6b1.jpg -> images/articles/downloads/top-5-powerbanks-2025-2-13f5a6b1.jpg
Uploading: temp_blog_fix/images/articles/downloads/article9-0-d90b934b.jpg -> images/articles/downloads/article9-0-d90b934b.jpg
Uploading: temp_blog_fix/images/articles/downloads/top-time-management-apps-for-freelancers-2025-1-bf4567a2.jpg -> images/articles/downloads/top-time-management-apps-for-freelancers-2025-1-bf4567a2.jpg
Uploading: temp_blog_fix/images/articles/downloads/top-time-management-apps-for-freelancers-2025-2-027c3249.jpg -> images/articles/downloads/top-time-management-apps-for-freelancers-2025-2-027c3249.jpg
Uploading: temp_blog_fix/images/articles/downloads/best-smartphones-mobile-photography-2025-1-14c7f6c6.jpg -> images/articles/downloads/best-smartphones-mobile-photography-2025-1-14c7f6c6.jpg
Uploading: temp_blog_fix/images/articles/downloads/test-topic-2025-0-8222eb70.jpg -> images/articles/downloads/test-topic-2025-0-8222eb70.jpg
Uploading: temp_blog_fix/images/articles/downloads/article9-1-21ed3ecd.jpg -> images/articles/downloads/article9-1-21ed3ecd.jpg
Uploading: temp_blog_fix/images/articles/apple-watch-series-9-main.jpg -> images/articles/apple-watch-series-9-main.jpg
Uploading: temp_blog_fix/images/articles/article3-cover.jpg -> images/articles/article3-cover.jpg
Uploading: temp_blog_fix/images/articles/razer-blade-14.jpg -> images/articles/razer-blade-14.jpg
Uploading: temp_blog_fix/images/articles/article8-mouse.jpg -> images/articles/article8-mouse.jpg
Uploading: temp_blog_fix/images/articles/cover_best-4k-monitors-2025_1771430329856.jpg -> images/articles/cover_best-4k-monitors-2025_1771430329856.jpg
Uploading: temp_blog_fix/images/articles/content_sony-wh-1000xm5-review_0_1772533982605.jpg -> images/articles/content_sony-wh-1000xm5-review_0_1772533982605.jpg
Uploading: temp_blog_fix/images/articles/dji-mini-3-pro.jpg -> images/articles/dji-mini-3-pro.jpg
Uploading: temp_blog_fix/images/articles/iphone17-vs-s25.jpg -> images/articles/iphone17-vs-s25.jpg
Uploading: temp_blog_fix/images/articles/apple-watch-series-10-main.jpg -> images/articles/apple-watch-series-10-main.jpg
Uploading: temp_blog_fix/images/articles/cover_best-budget-tech-gadgets-2024_1772533918447.jpg -> images/articles/cover_best-budget-tech-gadgets-2024_1772533918447.jpg
Uploading: temp_blog_fix/images/articles/cover_revolutionary-ai-tech-products-amazon-2025_1772533975512.jpg -> images/articles/cover_revolutionary-ai-tech-products-amazon-2025_1772533975512.jpg
Uploading: temp_blog_fix/images/articles/apple-watch-series-9.jpg -> images/articles/apple-watch-series-9.jpg
Uploading: temp_blog_fix/images/articles/asus-rog-zephyrus-g14.jpg -> images/articles/asus-rog-zephyrus-g14.jpg
Uploading: temp_blog_fix/images/articles/cover_top-wireless-earbuds-2025-comparison_1772534006512.jpg -> images/articles/cover_top-wireless-earbuds-2025-comparison_1772534006512.jpg
Uploading: temp_blog_fix/images/articles/content_article4_2_1771410907842.jpg -> images/articles/content_article4_2_1771410907842.jpg
Uploading: temp_blog_fix/images/articles/sony-wh-1000xm5-case.jpg -> images/articles/sony-wh-1000xm5-case.jpg
Uploading: temp_blog_fix/images/articles/sony-wh-1000xm5-main.jpg -> images/articles/sony-wh-1000xm5-main.jpg
Uploading: temp_blog_fix/images/articles/content_best-gaming-accessories-2025_2_1772533931718.jpg -> images/articles/content_best-gaming-accessories-2025_2_1772533931718.jpg
Uploading: temp_blog_fix/images/articles/cover_best-tech-gadgets-comparison-2025_1772533800756.jpg -> images/articles/cover_best-tech-gadgets-comparison-2025_1772533800756.jpg
Uploading: temp_blog_fix/images/articles/article5-solar.jpg -> images/articles/article5-solar.jpg
Uploading: temp_blog_fix/images/articles/cover_article4_1771410899117.jpg -> images/articles/cover_article4_1771410899117.jpg
Uploading: temp_blog_fix/images/articles/asus-rog-zephyrus-g14-alt.jpg -> images/articles/asus-rog-zephyrus-g14-alt.jpg
Uploading: temp_blog_fix/images/logo.png -> images/logo.png
Uploading: temp_blog_fix/js/articles-data.js -> js/articles-data.js
Uploading: temp_blog_fix/js/main.js -> js/main.js
Uploading: temp_blog_fix/js/analytics.js -> js/analytics.js
Uploading: temp_blog_fix/article.html -> ./article.html
Uploading: temp_blog_fix/articles/article3.json -> articles/article3.json
Uploading: temp_blog_fix/articles/smart-home-innovative-gadgets-2025.json -> articles/smart-home-innovative-gadgets-2025.json
Uploading: temp_blog_fix/articles/samsung-galaxy-s26-ultra-review.json -> articles/samsung-galaxy-s26-ultra-review.json
Uploading: temp_blog_fix/articles/add_schema.py -> articles/add_schema.py
Uploading: temp_blog_fix/articles/best-4k-monitors-2025.json -> articles/best-4k-monitors-2025.json
Uploading: temp_blog_fix/articles/top-ai-gadgets-amazon-2025.json -> articles/top-ai-gadgets-amazon-2025.json
Uploading: temp_blog_fix/articles/add_schema_script.py -> articles/add_schema_script.py
Uploading: temp_blog_fix/articles/best-mechanical-keyboards-2025.json -> articles/best-mechanical-keyboards-2025.json
Uploading: temp_blog_fix/articles/2025-smart-home-essentials-guide.json -> articles/2025-smart-home-essentials-guide.json
Uploading: temp_blog_fix/articles/affiliate-links.json -> articles/affiliate-links.json
Uploading: temp_blog_fix/articles/add_schema_comparisons.py -> articles/add_schema_comparisons.py
Uploading: temp_blog_fix/articles/20250818_Smartwatche_sportowe.html -> articles/20250818_Smartwatche_sportowe.html
Uploading: temp_blog_fix/articles/amazon-prime-big-deal-days-2026-tech-guide.json -> articles/amazon-prime-big-deal-days-2026-tech-guide.json
Uploading: temp_blog_fix/articles/7.json -> articles/7.json
Uploading: temp_blog_fix/articles/best-rtx-5090-gaming-laptops-2026.json -> articles/best-rtx-5090-gaming-laptops-2026.json
Uploading: temp_blog_fix/articles/ultimate-december-2026-ai-gift-guide.json -> articles/ultimate-december-2026-ai-gift-guide.json
Uploading: temp_blog_fix/articles/top-wireless-earbuds-2025-comparison.json -> articles/top-wireless-earbuds-2025-comparison.json
Uploading: temp_blog_fix/articles/macbook-neo-review-2026.json -> articles/macbook-neo-review-2026.json
Uploading: temp_blog_fix/articles/back-to-school-2026-ai-laptop-guide.json -> articles/back-to-school-2026-ai-laptop-guide.json
Uploading: temp_blog_fix/articles/top-5-powerbanks-2025.json -> articles/top-5-powerbanks-2025.json
Uploading: temp_blog_fix/articles/iphone-se-4-vs-pixel-10a-comparison.json -> articles/iphone-se-4-vs-pixel-10a-comparison.json
Uploading: temp_blog_fix/articles/google-io-2026-agentic-android-preview.json -> articles/google-io-2026-agentic-android-preview.json
Uploading: temp_blog_fix/articles/pixel-10a-vs-iphone-se-4-comparison.json -> articles/pixel-10a-vs-iphone-se-4-comparison.json
Uploading: temp_blog_fix/articles/2026-wearable-tech-health-gadgets-guide.json -> articles/2026-wearable-tech-health-gadgets-guide.json
Uploading: temp_blog_fix/articles/2025-flagship-smartphone-guide.json -> articles/2025-flagship-smartphone-guide.json
Uploading: temp_blog_fix/articles/article9.json -> articles/article9.json
Uploading: temp_blog_fix/articles/test-topic-2025.json -> articles/test-topic-2025.json
Uploading: temp_blog_fix/articles/may-2026-tech-gift-guide.json -> articles/may-2026-tech-gift-guide.json
Uploading: temp_blog_fix/articles/best-laptops-2025.json -> articles/best-laptops-2025.json
Uploading: temp_blog_fix/articles/black-friday-2026-ai-gaming-laptop-rtx-50-deal-guide.json -> articles/black-friday-2026-ai-gaming-laptop-rtx-50-deal-guide.json
Uploading: temp_blog_fix/articles/fathers-day-2026-tech-gift-guide-wwdc-predictions.json -> articles/fathers-day-2026-tech-gift-guide-wwdc-predictions.json
Uploading: temp_blog_fix/articles/best-sports-smartwatches-2025.json -> articles/best-sports-smartwatches-2025.json
Uploading: temp_blog_fix/articles/apple-watch-ultra-2-review.json -> articles/apple-watch-ultra-2-review.json
Uploading: temp_blog_fix/articles/best-gaming-accessories-2025.json -> articles/best-gaming-accessories-2025.json
Uploading: temp_blog_fix/articles/samsung-galaxy-s25-ultra-review.json -> articles/samsung-galaxy-s25-ultra-review.json
Uploading: temp_blog_fix/articles/best-smart-home-devices-2025.json -> articles/best-smart-home-devices-2025.json
Uploading: temp_blog_fix/articles/best-portable-monitors-2025.json -> articles/best-portable-monitors-2025.json
Uploading: temp_blog_fix/articles/schema_templates.json -> articles/schema_templates.json
Uploading: temp_blog_fix/articles/20250819-test-topic.html -> articles/20250819-test-topic.html
Uploading: temp_blog_fix/articles/article4.json -> articles/article4.json
Uploading: temp_blog_fix/articles/best-eco-friendly-products-amazon-2025.json -> articles/best-eco-friendly-products-amazon-2025.json
Uploading: temp_blog_fix/articles/add_schema_all_reviews.py -> articles/add_schema_all_reviews.py
Uploading: temp_blog_fix/articles/20250819---innowacyjne-gadżety-do-inteligentnego-domu-które-musisz-mieć.html -> articles/20250819---innowacyjne-gadżety-do-inteligentnego-domu-które-musisz-mieć.html
Uploading: temp_blog_fix/articles/merge_schema.py -> articles/merge_schema.py
Uploading: temp_blog_fix/articles/article8.json -> articles/article8.json
Uploading: temp_blog_fix/articles/iphone-16-pro-max-review.json -> articles/iphone-16-pro-max-review.json
Uploading: temp_blog_fix/articles/meta-quest-3s-review.json -> articles/meta-quest-3s-review.json
Uploading: temp_blog_fix/articles/2.json -> articles/2.json
Uploading: temp_blog_fix/articles/best-gaming-headsets-2025.json -> articles/best-gaming-headsets-2025.json
Uploading: temp_blog_fix/articles/sony-wh-1000xm5-review.json -> articles/sony-wh-1000xm5-review.json
Uploading: temp_blog_fix/articles/best-amazon-gadgets-march-2025.json -> articles/best-amazon-gadgets-march-2025.json
Uploading: temp_blog_fix/articles/2026-high-performance-laptop-guide.json -> articles/2026-high-performance-laptop-guide.json
Uploading: temp_blog_fix/articles/2025-08-18-top-5-powerbankow.html -> articles/2025-08-18-top-5-powerbankow.html
Uploading: temp_blog_fix/articles/2026-march-wearable-health-guide.json -> articles/2026-march-wearable-health-guide.json
Uploading: temp_blog_fix/articles/summer-2025-laptop-buying-guide.json -> articles/summer-2025-laptop-buying-guide.json
Uploading: temp_blog_fix/articles/2026-flagship-smartphone-guide.json -> articles/2026-flagship-smartphone-guide.json
Uploading: temp_blog_fix/articles/best-tech-gadgets-amazon-2025.json -> articles/best-tech-gadgets-amazon-2025.json
Uploading: temp_blog_fix/articles/spring-2026-wearable-ai-guide.json -> articles/spring-2026-wearable-ai-guide.json
Uploading: temp_blog_fix/articles/iphone-17-vs-samsung-s25.json -> articles/iphone-17-vs-samsung-s25.json
Uploading: temp_blog_fix/articles/best-budget-tech-gadgets-2024.json -> articles/best-budget-tech-gadgets-2024.json
Uploading: temp_blog_fix/articles/dji-mini-4-pro-review.json -> articles/dji-mini-4-pro-review.json
Uploading: temp_blog_fix/articles/ifa-2026-iphone-18-pro-preview.json -> articles/ifa-2026-iphone-18-pro-preview.json
Uploading: temp_blog_fix/articles/3.json -> articles/3.json
Uploading: temp_blog_fix/articles/may-2025-tech-gift-guide.json -> articles/may-2025-tech-gift-guide.json
Uploading: temp_blog_fix/articles/june-2026-tech-guide-wwdc-rumors.json -> articles/june-2026-tech-guide-wwdc-rumors.json
Uploading: temp_blog_fix/articles/top-5-flagship-gadgets-2025.json -> articles/top-5-flagship-gadgets-2025.json
Uploading: temp_blog_fix/articles/sony-wh-1000xm5-vs-bose-qc-ultra-comparison.json -> articles/sony-wh-1000xm5-vs-bose-qc-ultra-comparison.json
Uploading: temp_blog_fix/articles/article1.json -> articles/article1.json
Uploading: temp_blog_fix/articles/razer-v4-pro-vs-logitech-g915x-comparison.json -> articles/razer-v4-pro-vs-logitech-g915x-comparison.json
Uploading: temp_blog_fix/articles/best-smartphones-mobile-photography-2025.json -> articles/best-smartphones-mobile-photography-2025.json
Uploading: temp_blog_fix/articles/top-time-management-apps-for-freelancers-2025.json -> articles/top-time-management-apps-for-freelancers-2025.json
Uploading: temp_blog_fix/articles/articles.json -> articles/articles.json
Uploading: temp_blog_fix/articles/4.json -> articles/4.json
Uploading: temp_blog_fix/articles/internal_linking_map.json -> articles/internal_linking_map.json
Uploading: temp_blog_fix/articles/best-tech-gadgets-comparison-2025.json -> articles/best-tech-gadgets-comparison-2025.json
Uploading: temp_blog_fix/articles/20250819---najlepsze-smartfony-do-fotografii-mobilnej-w-2025-roku.html -> articles/20250819---najlepsze-smartfony-do-fotografii-mobilnej-w-2025-roku.html
Uploading: temp_blog_fix/articles/july-2026-tech-buying-guide.json -> articles/july-2026-tech-buying-guide.json
Uploading: temp_blog_fix/articles/iphone-16-pro-max-vs-samsung-s24-ultra.json -> articles/iphone-16-pro-max-vs-samsung-s24-ultra.json
Uploading: temp_blog_fix/articles/index.json -> articles/index.json
Uploading: temp_blog_fix/articles/prime-day-2026-back-to-school-ai-tech-guide.json -> articles/prime-day-2026-back-to-school-ai-tech-guide.json
Uploading: temp_blog_fix/articles/top-10-smart-home-gadgets-amazon-2025.json -> articles/top-10-smart-home-gadgets-amazon-2025.json
Uploading: temp_blog_fix/articles/revolutionary-ai-tech-products-amazon-2025.json -> articles/revolutionary-ai-tech-products-amazon-2025.json
Uploading: temp_blog_fix/articles/ai-assistants-comparison-2025.json -> articles/ai-assistants-comparison-2025.json
Uploading: temp_blog_fix/articles/holiday-tech-gift-guide-2025.json -> articles/holiday-tech-gift-guide-2025.json
Uploading: temp_blog_fix/articles/best-wireless-earbuds-2025.json -> articles/best-wireless-earbuds-2025.json
Uploading: temp_blog_fix/articles/5.json -> articles/5.json
Uploading: temp_blog_fix/articles/20250819---topowe-programy-do-zarządzania-czasem-dla-freelancerów.html -> articles/20250819---topowe-programy-do-zarządzania-czasem-dla-freelancerów.html
Uploading: temp_blog_fix/articles/schema-index.json -> articles/schema-index.json
Uploading: temp_blog_fix/articles/article1_schema_patch.json -> articles/article1_schema_patch.json
Uploading: temp_blog_fix/public/images/articles/samsung-quantum-dot-oled-tv.jpg -> public/images/articles/samsung-quantum-dot-oled-tv.jpg
Uploading: temp_blog_fix/public/images/articles/canon-eos-r7c.jpg -> public/images/articles/canon-eos-r7c.jpg
Uploading: temp_blog_fix/public/images/articles/sony-wh-1000xm5.jpg -> public/images/articles/sony-wh-1000xm5.jpg
Uploading: temp_blog_fix/public/images/articles/bose-quietcomfort-earbuds-ii.jpg -> public/images/articles/bose-quietcomfort-earbuds-ii.jpg
Uploading: temp_blog_fix/public/images/articles/samsung-galaxy-watch-6.jpg -> public/images/articles/samsung-galaxy-watch-6.jpg
Uploading: temp_blog_fix/public/images/articles/alienware-x14.jpg -> public/images/articles/alienware-x14.jpg
Uploading: temp_blog_fix/public/images/articles/gopro-hero13.jpg -> public/images/articles/gopro-hero13.jpg
Uploading: temp_blog_fix/public/images/articles/sony-zv-5.jpg -> public/images/articles/sony-zv-5.jpg
Uploading: temp_blog_fix/public/images/articles/apple-airpods-pro-2.jpg -> public/images/articles/apple-airpods-pro-2.jpg
Uploading: temp_blog_fix/public/images/articles/razer-blade-14.jpg -> public/images/articles/razer-blade-14.jpg
Uploading: temp_blog_fix/public/images/articles/dji-mini-3-pro.jpg -> public/images/articles/dji-mini-3-pro.jpg
Uploading: temp_blog_fix/public/images/articles/apple-watch-series-9.jpg -> public/images/articles/apple-watch-series-9.jpg
Uploading: temp_blog_fix/public/images/articles/asus-rog-zephyrus-g14.jpg -> public/images/articles/asus-rog-zephyrus-g14.jpg
Uploading: temp_blog_fix/scripts/fetch_product_images.py -> scripts/fetch_product_images.py
Creating directory: scripts
Uploading: temp_blog_fix/HOW_TO_WRITE_ARTICLES.MD -> ./HOW_TO_WRITE_ARTICLES.MD
Uploading: temp_blog_fix/sitemap.xml -> ./sitemap.xml
Uploading: temp_blog_fix/template.html -> ./template.html
Uploading: temp_blog_fix/robots.txt -> ./robots.txt
Uploading: temp_blog_fix/articles.json -> ./articles.json
Uploading: temp_blog_fix/data/article9.json -> data/article9.json
Uploading: temp_blog_fix/data/articles/article3.json -> data/articles/article3.json
Uploading: temp_blog_fix/data/articles/samsung-galaxy-s26-ultra-review.json -> data/articles/samsung-galaxy-s26-ultra-review.json
Uploading: temp_blog_fix/data/articles/best-4k-monitors-2025.json -> data/articles/best-4k-monitors-2025.json
Uploading: temp_blog_fix/data/articles/top-ai-gadgets-amazon-2025.json -> data/articles/top-ai-gadgets-amazon-2025.json
Uploading: temp_blog_fix/data/articles/affiliate_links.json -> data/articles/affiliate_links.json
Uploading: temp_blog_fix/data/articles/best-mechanical-keyboards-2025.json -> data/articles/best-mechanical-keyboards-2025.json
Uploading: temp_blog_fix/data/articles/top-wireless-earbuds-2025-comparison.json -> data/articles/top-wireless-earbuds-2025-comparison.json
Uploading: temp_blog_fix/data/articles/article2.json -> data/articles/article2.json
Uploading: temp_blog_fix/data/articles/article9.json -> data/articles/article9.json
Uploading: temp_blog_fix/data/articles/best-laptops-2025.json -> data/articles/best-laptops-2025.json
Uploading: temp_blog_fix/data/articles/article5.json -> data/articles/article5.json
Uploading: temp_blog_fix/data/articles/apple-watch-ultra-2-review.json -> data/articles/apple-watch-ultra-2-review.json
Uploading: temp_blog_fix/data/articles/best-gaming-accessories-2025.json -> data/articles/best-gaming-accessories-2025.json
Uploading: temp_blog_fix/data/articles/best-smart-home-devices-2025.json -> data/articles/best-smart-home-devices-2025.json
Uploading: temp_blog_fix/data/articles/best-portable-monitors-2025.json -> data/articles/best-portable-monitors-2025.json
Uploading: temp_blog_fix/data/articles/article4.json -> data/articles/article4.json
Uploading: temp_blog_fix/data/articles/best-eco-friendly-products-amazon-2025.json -> data/articles/best-eco-friendly-products-amazon-2025.json
Uploading: temp_blog_fix/data/articles/article8.json -> data/articles/article8.json
Uploading: temp_blog_fix/data/articles/iphone-16-pro-max-review.json -> data/articles/iphone-16-pro-max-review.json
Uploading: temp_blog_fix/data/articles/best-gaming-headsets-2025.json -> data/articles/best-gaming-headsets-2025.json
Uploading: temp_blog_fix/data/articles/sony-wh-1000xm5-review.json -> data/articles/sony-wh-1000xm5-review.json
Uploading: temp_blog_fix/data/articles/best-amazon-gadgets-march-2025.json -> data/articles/best-amazon-gadgets-march-2025.json
Uploading: temp_blog_fix/data/articles/summer-2025-laptop-buying-guide.json -> data/articles/summer-2025-laptop-buying-guide.json
Uploading: temp_blog_fix/data/articles/article7.json -> data/articles/article7.json
Uploading: temp_blog_fix/data/articles/best-tech-gadgets-amazon-2025.json -> data/articles/best-tech-gadgets-amazon-2025.json
Uploading: temp_blog_fix/data/articles/article6.json -> data/articles/article6.json
Uploading: temp_blog_fix/data/articles/iphone-17-vs-samsung-s25.json -> data/articles/iphone-17-vs-samsung-s25.json
Uploading: temp_blog_fix/data/articles/best-budget-tech-gadgets-2024.json -> data/articles/best-budget-tech-gadgets-2024.json
Uploading: temp_blog_fix/data/articles/dji-mini-4-pro-review.json -> data/articles/dji-mini-4-pro-review.json
Uploading: temp_blog_fix/data/articles/fix_json.py -> data/articles/fix_json.py
Uploading: temp_blog_fix/data/articles/top-5-flagship-gadgets-2025.json -> data/articles/top-5-flagship-gadgets-2025.json
Uploading: temp_blog_fix/data/articles/sony-wh-1000xm5-vs-bose-qc-ultra-comparison.json -> data/articles/sony-wh-1000xm5-vs-bose-qc-ultra-comparison.json
Uploading: temp_blog_fix/data/articles/article1.json -> data/articles/article1.json
Uploading: temp_blog_fix/data/articles/razer-v4-pro-vs-logitech-g915x-comparison.json -> data/articles/razer-v4-pro-vs-logitech-g915x-comparison.json
Uploading: temp_blog_fix/data/articles/articles.json -> data/articles/articles.json
Uploading: temp_blog_fix/data/articles/internal_linking_map.json -> data/articles/internal_linking_map.json
Uploading: temp_blog_fix/data/articles/best-tech-gadgets-comparison-2025.json -> data/articles/best-tech-gadgets-comparison-2025.json
Uploading: temp_blog_fix/data/articles/iphone-16-pro-max-vs-samsung-s24-ultra.json -> data/articles/iphone-16-pro-max-vs-samsung-s24-ultra.json
Uploading: temp_blog_fix/data/articles/index.json -> data/articles/index.json
Uploading: temp_blog_fix/data/articles/best-tech-gadgets-amazon-2025-fixed.json -> data/articles/best-tech-gadgets-amazon-2025-fixed.json
Uploading: temp_blog_fix/data/articles/top-10-smart-home-gadgets-amazon-2025.json -> data/articles/top-10-smart-home-gadgets-amazon-2025.json
Uploading: temp_blog_fix/data/articles/revolutionary-ai-tech-products-amazon-2025.json -> data/articles/revolutionary-ai-tech-products-amazon-2025.json
Uploading: temp_blog_fix/data/articles/ai-assistants-comparison-2025.json -> data/articles/ai-assistants-comparison-2025.json
Uploading: temp_blog_fix/data/articles/best-wireless-earbuds-2025.json -> data/articles/best-wireless-earbuds-2025.json
Uploading: temp_blog_fix/data/articles/schema-index.json -> data/articles/schema-index.json
Uploading: temp_blog_fix/data/authors.json -> data/authors.json
Uploading: temp_blog_fix/data/articles-data.js -> data/articles-data.js
Uploading: temp_blog_fix/data/article8.json -> data/article8.json
Uploading: temp_blog_fix/data/article7.json -> data/article7.json
Uploading: temp_blog_fix/assets/backgrounds/pivot-table-kompletny-przewodnik-excel-i.mp4 -> assets/backgrounds/pivot-table-kompletny-przewodnik-excel-i.mp4
Uploading: temp_blog_fix/assets/backgrounds/a-usb-c-hub-laptop-vertical.mp4 -> assets/backgrounds/a-usb-c-hub-laptop-vertical.mp4
Uploading: temp_blog_fix/assets/backgrounds/c-data-charts.mp4 -> assets/backgrounds/c-data-charts.mp4
Uploading: temp_blog_fix/assets/backgrounds/b-laptop-typing.mp4 -> assets/backgrounds/b-laptop-typing.mp4
Uploading: temp_blog_fix/assets/backgrounds/vlookup-complete-guide-excel-google-shee.mp4 -> assets/backgrounds/vlookup-complete-guide-excel-google-shee.mp4
Uploading: temp_blog_fix/assets/backgrounds/a-excel-spreadsheet-typing-lapto.mp4 -> assets/backgrounds/a-excel-spreadsheet-typing-lapto.mp4
Uploading: temp_blog_fix/sitemap.txt -> ./sitemap.txt

Sync completed successfully.
