./article_template.html
./favicon.ico
./index.html
./article.html
./HOW_TO_WRITE_ARTICLES.MD
./sitemap.xml
./template.html
./robots.txt
./articles.json
./sitemap.txt
css/tailwind.min.css
css/styles.css
css/amazon-cta.css
css/article.css
images/logo.png
images/articles/iphone-15-pro-max.jpg
images/articles/article6-cover.jpg
images/articles/cover_top-10-smart-home-gadgets-amazon-2025_1772533992513.jpg
images/articles/smart-home-gadgets-2025.jpg
images/articles/ai-tech-products-2025.jpg
images/articles/cover_summer-2025-laptop-buying-guide_1772533844234.jpg
images/articles/best-laptops-2025.jpg
images/articles/sony-xm5-black.jpg
images/articles/cover_best-amazon-gadgets-march-2025_1772533913623.jpg
images/articles/cover_sony-wh-1000xm5-review_1772533836261.jpg
images/articles/iphone-17-pro-max-performance.jpg
images/articles/macbook-m5.jpg
images/articles/cover_iphone-17-vs-samsung-s25_1772533970022.jpg
images/articles/content_best-gaming-accessories-2025_2_1772533778451.jpg
images/articles/cover_top-wireless-earbuds-2025-comparison_1772533866430.jpg
images/articles/apple-watch-s10-main.jpg
images/articles/cover_best-gaming-headsets-2025_1772533935657.jpg
images/articles/cover_top-10-smart-home-gadgets-amazon-2025_1772533849473.jpg
images/articles/cover_best-gaming-headsets-2025_1771430150768.jpg
images/articles/cover_best-eco-friendly-products-amazon-2025_1772533925055.jpg
images/articles/cover_best-mechanical-keyboards-2025_1771430379013.jpg
images/articles/cover_dji-mini-4-pro-review_1772533957827.jpg
images/articles/2026-flagship-guide-main.jpg
images/articles/cover_article1_1772533886184.jpg
images/articles/samsung-quantum-dot-oled-tv.jpg
images/articles/tech-gadgets-2025-main.jpg
images/articles/framework-laptop.jpg
images/articles/cover_best-smart-home-devices-2025_1771430240012.jpg
images/articles/cover_article9_1772533746565.jpg
images/articles/soundcore-space.jpg
images/articles/polaroid-now.jpg
images/articles/cover_best-smart-home-devices-2025_1772533944345.jpg
images/articles/dji-mini-4-flight.jpg
images/articles/cover_top-ai-gadgets-amazon-2025_1772534001676.jpg
images/articles/cover_best-portable-monitors-2025_1772533939848.jpg
images/articles/article7-cover.jpg
images/articles/iphone-16-pro-max-colors.jpg
images/articles/sony-wh-1000xm5-design.jpg
images/articles/cover_ai-assistants-comparison-2025_1772533716868.jpg
images/articles/cover_article9_1772533903730.jpg
images/articles/sony-zv5.jpg
images/articles/sony-wh-1000xm6-main.jpg
images/articles/asus-rog-zephyrus-g14-main.jpg
images/articles/cover_article3_1772533892733.jpg
images/articles/razer-v4-pro-vs-logitech-g915x-comparison-main.jpg
images/articles/iphone-17-pro-max-camera.jpg
images/articles/cover_article4_1772533740781.jpg
images/articles/asus-rog-zephyrus-2026-gaming.jpg
images/articles/macbook-pro-m3.jpg
images/articles/smart-rings-comparison-2026.jpg
images/articles/s24-ultra-display.jpg
images/articles/canon-eos-r7c.jpg
images/articles/content_article4_0_1771410901958.jpg
images/articles/content_article4_1_1771410905245.jpg
images/articles/dji-mini-3-pro-main.jpg
images/articles/cover_article4_1772533898296.jpg
images/articles/cover_apple-watch-ultra-2-review_1772533881079.jpg
images/articles/cover_iphone-16-pro-max-review_1772533819702.jpg
images/articles/pixel-10a-reveal.jpg
images/articles/cover_best-4k-monitors-2025_1772533752582.jpg
./fix_images.sh
./articles_fixed.json
images/articles/iphone-se-4-vs-pixel-10a-main.jpg
images/articles/ipad-pro-m4-productivity.jpg
images/articles/best-gaming-accessories-2025-main.jpg
images/articles/iphone-17-pro-vlogging.jpg
images/articles/macbook-neo-student.jpg
images/articles/cover_best-portable-monitors-2025_1771430339272.jpg
images/articles/dji-mini-3-pro-alt.jpg
images/articles/apple-watch-series-10-alt.jpg
images/articles/cover_ai-assistants-comparison-2025_1771429942479.jpg
images/articles/iphone17-camera.jpg
images/articles/dji-mini-4-pro.jpg
images/articles/iphone-16-pro-max.jpg
images/articles/s25-ultra-display.jpg
images/articles/iphone-15-pro-max-colors.jpg
images/articles/canon-r7c.jpg
images/articles/sony-wf-1000xm5.jpg
images/articles/july-2026-tech-guide-deals.jpg
images/articles/cover_best-wireless-earbuds-2025_1771429901077.jpg
images/articles/cover_revolutionary-ai-tech-products-amazon-2025_1772533830555.jpg
images/articles/article2-afeela.jpg
images/articles/cover_best-eco-friendly-products-amazon-2025_1772533770169.jpg
images/articles/iphone-15-pro-max-camera.jpg
images/articles/iphone-se-4-design.jpg
images/articles/sony-xm5.jpg
images/articles/eco-friendly-2025.jpg
images/articles/airpods-pro-2.jpg
images/articles/cover_best-gaming-headsets-2025_1772533784942.jpg
images/articles/cover_top-5-flagship-gadgets-2025_1772533854396.jpg
images/articles/cover_best-amazon-gadgets-march-2025_1772533758253.jpg
images/articles/cover_top-5-flagship-gadgets-2025_1772533997120.jpg
images/articles/apple-watch-series-9-alt.jpg
images/articles/cover_best-smart-home-devices-2025_1772533795419.jpg
images/articles/cover_best-tech-gadgets-comparison-2025_1772533948164.jpg
images/articles/razer-v4-pro-vs-logitech-g915x-comparison-main.webp
images/articles/holiday-tech-2025.jpg
images/articles/cover_best-portable-monitors-2025_1772533790063.jpg
images/articles/sony-wh-1000xm5.jpg
images/articles/sony-wh-1000xm5-anc.jpg
images/articles/cover_dji-mini-4-pro-review_1772533811159.jpg
images/articles/galaxy-watch-6.jpg
images/articles/back-to-school-2026-ai-laptop-guide.jpg
images/articles/samsung-galaxy-s23-ultra.jpg
images/articles/cover_sony-wh-1000xm5-review_1772533979862.jpg
images/articles/content_best-gaming-accessories-2025_0_1772533929586.jpg
images/articles/cover_best-4k-monitors-2025_1772533908698.jpg
images/articles/article2-cover.jpg
images/articles/cover_best-wireless-earbuds-2025_1772533806435.jpg
images/articles/iphone-17-pro-max-colors.jpg
images/articles/dji-pocket-3.jpg
images/articles/cover_article1_1772533728355.jpg
images/articles/iphone-16-pro-max-performance.jpg
images/articles/cover_top-ai-gadgets-amazon-2025_1772533859330.jpg
images/articles/cover_apple-watch-ultra-2-review_1772533721800.jpg
images/articles/oura-ring-4.jpg
images/articles/july-2026-tech-guide-main.jpg
images/articles/apple-watch-ultra-2.jpg
images/articles/cover_summer-2025-laptop-buying-guide_1771429759483.jpg
images/articles/iphone-16-pro-max-camera.jpg
images/articles/content_best-gaming-accessories-2025_0_1772533775379.jpg
images/articles/article2-ai-pin.jpg
images/articles/cover_article3_1772533733891.jpg
images/articles/bose-quietcomfort-earbuds-ii.jpg
images/articles/samsung-galaxy-watch-6.jpg
images/articles/iphone-17-pro-max.jpg
images/articles/iphone-15-pro-max-performance.jpg
images/articles/fathers-day-2026-tech-gift-guide-wwdc-predictions-main.jpg
images/articles/may-2026-tech-lifestyle-main.jpg
images/articles/article5-cover.jpg
images/articles/content_sony-wh-1000xm5-review_0_1772533839095.jpg
images/articles/cover_ai-assistants-comparison-2025_1772533876324.jpg
images/articles/microled.jpg
images/articles/iphone-18-pro-leak.jpg
images/articles/sony-wh-1000xm5-app.jpg
images/articles/alienware-x14.jpg
images/articles/cover_summer-2025-laptop-buying-guide_1772533987658.jpg
images/articles/cover_iphone-17-vs-samsung-s25_1772533824485.jpg
images/articles/gopro-hero13.jpg
images/articles/sony-zv-5.jpg
images/articles/cover_best-budget-tech-gadgets-2024_1772533764568.jpg
images/articles/cover_best-wireless-earbuds-2025_1772533952980.jpg
images/articles/article8-cover.jpg
images/articles/cover_best-portable-monitors-2025_1771430297469.jpg
images/articles/oura-ring-gen4-lifestyle.jpg
images/articles/cover_ai-assistants-comparison-2025_1771429979469.jpg
images/articles/apple-airpods-pro-2.jpg
images/articles/samsung-galaxy-s23-ultra-camera.jpg
images/articles/cover_iphone-16-pro-max-review_1772533964793.jpg
images/articles/apple-watch-series-9-main.jpg
images/articles/article3-cover.jpg
images/articles/razer-blade-14.jpg
images/articles/article8-mouse.jpg
images/articles/cover_best-4k-monitors-2025_1771430329856.jpg
images/articles/content_sony-wh-1000xm5-review_0_1772533982605.jpg
images/articles/dji-mini-3-pro.jpg
images/articles/iphone17-vs-s25.jpg
images/articles/apple-watch-series-10-main.jpg
images/articles/cover_best-budget-tech-gadgets-2024_1772533918447.jpg
images/articles/cover_revolutionary-ai-tech-products-amazon-2025_1772533975512.jpg
images/articles/apple-watch-series-9.jpg
images/articles/asus-rog-zephyrus-g14.jpg
images/articles/cover_top-wireless-earbuds-2025-comparison_1772534006512.jpg
images/articles/content_article4_2_1771410907842.jpg
images/articles/sony-wh-1000xm5-case.jpg
images/articles/sony-wh-1000xm5-main.jpg
images/articles/content_best-gaming-accessories-2025_2_1772533931718.jpg
images/articles/cover_best-tech-gadgets-comparison-2025_1772533800756.jpg
images/articles/article5-solar.jpg
images/articles/cover_article4_1771410899117.jpg
images/articles/asus-rog-zephyrus-g14-alt.jpg
images/articles/generated/smart-home-innovative-gadgets-2025-fallback-0.svg
images/articles/generated/7-gen-1.svg
images/articles/generated/article8-fallback-1.svg
images/articles/generated/smart-home-innovative-gadgets-2025-fallback-1.svg
images/articles/generated/7-gen-2.svg
images/articles/generated/article8-fallback-2.svg
images/articles/generated/smart-home-innovative-gadgets-2025-fallback-2.svg
images/articles/generated/article9-fallback-2.svg
images/articles/generated/top-time-management-apps-for-freelancers-2025-fallback-0.svg
images/articles/generated/holiday-tech-gift-guide-2025-fallback-0.svg
images/articles/generated/top-5-powerbanks-2025-fallback-0.svg
images/articles/generated/top-5-powerbanks-2025-fallback-1.svg
images/articles/generated/best-sports-smartwatches-2025-fallback-2.svg
images/articles/generated/5-gen-1.svg
images/articles/generated/best-sports-smartwatches-2025-fallback-1.svg
images/articles/generated/5-gen-2.svg
images/articles/generated/best-smartphones-mobile-photography-2025-fallback-2.svg
images/articles/generated/best-sports-smartwatches-2025-fallback-0.svg
images/articles/generated/holiday-tech-gift-guide-2025-gen-2.svg
images/articles/generated/holiday-tech-gift-guide-2025-gen-1.svg
images/articles/generated/2-gen-1.svg
images/articles/generated/2-gen-2.svg
images/articles/generated/3-fallback-2.svg
images/articles/downloads/test-topic-2025-2-1c4effd1.jpg
images/articles/downloads/best-smartphones-mobile-photography-2025-0-98e6b046.jpg
images/articles/downloads/test-topic-2025-1-9b9af3e8.jpg
images/articles/downloads/top-5-powerbanks-2025-2-13f5a6b1.jpg
images/articles/downloads/article9-0-d90b934b.jpg
images/articles/downloads/top-time-management-apps-for-freelancers-2025-1-bf4567a2.jpg
images/articles/downloads/top-time-management-apps-for-freelancers-2025-2-027c3249.jpg
images/articles/downloads/best-smartphones-mobile-photography-2025-1-14c7f6c6.jpg
images/articles/downloads/test-topic-2025-0-8222eb70.jpg
images/articles/downloads/article9-1-21ed3ecd.jpg
js/articles-data.js
js/main.js
js/analytics.js
articles/article3.json
articles/smart-home-innovative-gadgets-2025.json
articles/samsung-galaxy-s26-ultra-review.json
articles/best-4k-monitors-2025.json
articles/top-ai-gadgets-amazon-2025.json
articles/best-mechanical-keyboards-2025.json
articles/2025-smart-home-essentials-guide.json
articles/affiliate-links.json
articles/20250818_Smartwatche_sportowe.html
articles/amazon-prime-big-deal-days-2026-tech-guide.json
articles/7.json
articles/best-rtx-5090-gaming-laptops-2026.json
articles/ultimate-december-2026-ai-gift-guide.json
articles/top-wireless-earbuds-2025-comparison.json
articles/macbook-neo-review-2026.json
articles/back-to-school-2026-ai-laptop-guide.json
articles/top-5-powerbanks-2025.json
articles/iphone-se-4-vs-pixel-10a-comparison.json
articles/google-io-2026-agentic-android-preview.json
articles/pixel-10a-vs-iphone-se-4-comparison.json
articles/2026-wearable-tech-health-gadgets-guide.json
articles/2025-flagship-smartphone-guide.json
articles/article9.json
articles/test-topic-2025.json
articles/may-2026-tech-gift-guide.json
articles/best-laptops-2025.json
articles/black-friday-2026-ai-gaming-laptop-rtx-50-deal-guide.json
articles/fathers-day-2026-tech-gift-guide-wwdc-predictions.json
articles/best-sports-smartwatches-2025.json
articles/apple-watch-ultra-2-review.json
articles/best-gaming-accessories-2025.json
articles/samsung-galaxy-s25-ultra-review.json
articles/best-smart-home-devices-2025.json
articles/best-portable-monitors-2025.json
articles/schema_templates.json
articles/20250819-test-topic.html
articles/article4.json
articles/best-eco-friendly-products-amazon-2025.json
articles/20250819---innowacyjne-gadżety-do-inteligentnego-domu-które-musisz-mieć.html
articles/article8.json
articles/iphone-16-pro-max-review.json
articles/meta-quest-3s-review.json
articles/2.json
articles/best-gaming-headsets-2025.json
articles/sony-wh-1000xm5-review.json
articles/best-amazon-gadgets-march-2025.json
articles/2026-high-performance-laptop-guide.json
articles/2025-08-18-top-5-powerbankow.html
articles/2026-march-wearable-health-guide.json
articles/summer-2025-laptop-buying-guide.json
articles/2026-flagship-smartphone-guide.json
articles/best-tech-gadgets-amazon-2025.json
articles/spring-2026-wearable-ai-guide.json
articles/iphone-17-vs-samsung-s25.json
articles/best-budget-tech-gadgets-2024.json
articles/dji-mini-4-pro-review.json
articles/ifa-2026-iphone-18-pro-preview.json
articles/3.json
articles/may-2025-tech-gift-guide.json
articles/june-2026-tech-guide-wwdc-rumors.json
articles/top-5-flagship-gadgets-2025.json
articles/sony-wh-1000xm5-vs-bose-qc-ultra-comparison.json
articles/article1.json
articles/razer-v4-pro-vs-logitech-g915x-comparison.json
articles/best-smartphones-mobile-photography-2025.json
articles/top-time-management-apps-for-freelancers-2025.json
articles/articles.json
articles/4.json
articles/internal_linking_map.json
articles/best-tech-gadgets-comparison-2025.json
articles/20250819---najlepsze-smartfony-do-fotografii-mobilnej-w-2025-roku.html
articles/july-2026-tech-buying-guide.json
articles/iphone-16-pro-max-vs-samsung-s24-ultra.json
articles/index.json
articles/prime-day-2026-back-to-school-ai-tech-guide.json
articles/top-10-smart-home-gadgets-amazon-2025.json
articles/revolutionary-ai-tech-products-amazon-2025.json
articles/ai-assistants-comparison-2025.json
articles/holiday-tech-gift-guide-2025.json
articles/best-wireless-earbuds-2025.json
articles/5.json
articles/20250819---topowe-programy-do-zarządzania-czasem-dla-freelancerów.html
articles/schema-index.json
articles/article1_schema_patch.json
public/images/articles/samsung-quantum-dot-oled-tv.jpg
public/images/articles/canon-eos-r7c.jpg
public/images/articles/sony-wh-1000xm5.jpg
public/images/articles/bose-quietcomfort-earbuds-ii.jpg
public/images/articles/samsung-galaxy-watch-6.jpg
public/images/articles/alienware-x14.jpg
public/images/articles/gopro-hero13.jpg
public/images/articles/sony-zv-5.jpg
public/images/articles/apple-airpods-pro-2.jpg
public/images/articles/razer-blade-14.jpg
public/images/articles/dji-mini-3-pro.jpg
public/images/articles/apple-watch-series-9.jpg
public/images/articles/asus-rog-zephyrus-g14.jpg
data/article9.json
data/authors.json
data/articles-data.js
data/article8.json
data/article7.json
data/articles/article3.json
data/articles/samsung-galaxy-s26-ultra-review.json
data/articles/best-4k-monitors-2025.json
data/articles/top-ai-gadgets-amazon-2025.json
data/articles/affiliate_links.json
data/articles/best-mechanical-keyboards-2025.json
data/articles/top-wireless-earbuds-2025-comparison.json
data/articles/article2.json
data/articles/article9.json
data/articles/best-laptops-2025.json
data/articles/article5.json
data/articles/apple-watch-ultra-2-review.json
data/articles/best-gaming-accessories-2025.json
data/articles/best-smart-home-devices-2025.json
data/articles/best-portable-monitors-2025.json
data/articles/article4.json
data/articles/best-eco-friendly-products-amazon-2025.json
data/articles/article8.json
data/articles/iphone-16-pro-max-review.json
data/articles/best-gaming-headsets-2025.json
data/articles/sony-wh-1000xm5-review.json
data/articles/best-amazon-gadgets-march-2025.json
data/articles/summer-2025-laptop-buying-guide.json
data/articles/article7.json
data/articles/best-tech-gadgets-amazon-2025.json
data/articles/article6.json
data/articles/iphone-17-vs-samsung-s25.json
data/articles/best-budget-tech-gadgets-2024.json
data/articles/dji-mini-4-pro-review.json
data/articles/top-5-flagship-gadgets-2025.json
data/articles/sony-wh-1000xm5-vs-bose-qc-ultra-comparison.json
data/articles/article1.json
data/articles/razer-v4-pro-vs-logitech-g915x-comparison.json
data/articles/articles.json
data/articles/internal_linking_map.json
data/articles/best-tech-gadgets-comparison-2025.json
data/articles/iphone-16-pro-max-vs-samsung-s24-ultra.json
data/articles/index.json
data/articles/best-tech-gadgets-amazon-2025-fixed.json
data/articles/top-10-smart-home-gadgets-amazon-2025.json
data/articles/revolutionary-ai-tech-products-amazon-2025.json
data/articles/ai-assistants-comparison-2025.json
data/articles/best-wireless-earbuds-2025.json
data/articles/schema-index.json
assets/backgrounds/pivot-table-kompletny-przewodnik-excel-i.mp4
assets/backgrounds/a-usb-c-hub-laptop-vertical.mp4
